******************************************************************************
                  TI ARM Linker PC v18.9.0                     
******************************************************************************
>> Linked Mon Dec  3 09:20:25 2018

OUTPUT FILE NAME:   <adcReadWrite_CC3220SF_LAUNCHXL_tirtos_ccs.out>
ENTRY POINT SYMBOL: "_c_int00"  address: 01005da1


MEMORY CONFIGURATION

         name            origin    length      used     unused   attr    fill
----------------------  --------  ---------  --------  --------  ----  --------
  FLASH_HDR             01000000   000007ff  00000000  000007ff  R  X
  FLASH                 01000800   000ff800  00007ba3  000f7c5d  R  X
  SRAM                  20000000   00040000  00009a3d  000365c3  RW X


SEGMENT ALLOCATION MAP

run origin  load origin   length   init length attrs members
----------  ----------- ---------- ----------- ----- -------
01000800    01000800    00007bb0   00007bb0    r-x
  01000800    01000800    0000003c   0000003c    r-- .resetVecs
  01000840    01000840    00007002   00007002    r-x .text
  01007844    01007844    000008e5   000008e5    r-- .const
  01008130    01008130    00000280   00000280    r-- .cinit
20000310    20000310    00008000   00000000    r--
  20000310    20000310    00008000   00000000    r-- .priheap
20008310    20008310    00001332   00000000    rw-
  20008310    20008310    00000c27   00000000    rw- .bss
  20008f38    20008f38    0000070a   00000000    rw- .data
2003fc00    2003fc00    00000400   00000000    rw-
  2003fc00    2003fc00    00000400   00000000    rw- .stack


SECTION ALLOCATION MAP

 output                                  attributes/
section   page    origin      length       input sections
--------  ----  ----------  ----------   ----------------
.text      0    01000840    00007002     
                  01000840    00000450     sysbios.aem4 : BIOS.obj (.text:xdc_runtime_System_doPrint__I)
                  01000c90    0000042c     driverlib.a : prcm.obj (.text:PRCMCC3200MCUInit)
                  010010bc    00000278     drivers_cc32xx.aem4 : UARTCC32XX.oem4 (.text:UARTCC32XX_open)
                  01001334    000001c8                         : GPIOCC32XX.oem4 (.text:GPIO_setConfig)
                  010014fc    000001b6     rtsv7M4_T_le_eabi.lib : fd_add_t2.asm.obj (.text)
                  010016b2    00000002     display.aem4 : DisplayUart.oem4 (.text:DisplayUartMin_clear)
                  010016b4    00000170     release_pem4.oem4 (.text:xdc_runtime_System_printfExtend__I)
                  01001824    00000158     dpl_cc32xx.aem4 : PowerCC32XX_tirtos.oem4 (.text:PowerCC32XX_sleepPolicy)
                  0100197c    00000150     drivers_cc32xx.aem4 : PowerCC32XX.oem4 (.text:parkPins)
                  01001acc    00000136     rtsv7M4_T_le_eabi.lib : fd_div_t2.asm.obj (.text)
                  01001c02    00000006     drivers_cc32xx.aem4 : ADCCC32XX.oem4 (.text:ADCCC32XX_control)
                  01001c08    00000130     sysbios.aem4 : BIOS.obj (.text:ti_sysbios_knl_Semaphore_pend__E)
                  01001d38    0000012c     adcReadWrite.obj (.text:threadADCRead)
                  01001e64    00000120     drivers_cc32xx.aem4 : UARTCC32XX.oem4 (.text:UARTCC32XX_close)
                  01001f84    00000004     dpl_cc32xx.aem4 : ClockP_tirtos.oem4 (.text:ClockP_getCpuFreq)
                  01001f88    0000011c     sysbios.aem4 : BIOS.obj (.text:xdc_runtime_Startup_startMods__I)
                  010020a4    00000118     drivers_cc32xx.aem4 : PowerCC32XX.oem4 (.text:Power_sleep)
                  010021bc    00000004     dpl_cc32xx.aem4 : ClockP_tirtos.oem4 (.text:ClockP_setTimeout)
                  010021c0    00000110     sysbios.aem4 : BIOS.obj (.text:ti_sysbios_knl_Task_postInit__I)
                  010022d0    00000104                  : BIOS.obj (.text:ti_sysbios_knl_Task_Instance_finalize__E)
                  010023d4    000000fc     rtsv7M4_T_le_eabi.lib : fd_mul_t2.asm.obj (.text)
                  010024d0    000000fc     sysbios.aem4 : BIOS.obj (.text:ti_sysbios_knl_Task_Instance_init__E)
                  010025cc    000000f2     drivers_cc32xx.aem4 : UARTCC32XX.oem4 (.text:UARTCC32XX_control)
                  010026be    00000002     display.aem4 : DisplayUart.oem4 (.text:DisplayUartMin_clearLines)
                  010026c0    000000f0     drivers_cc32xx.aem4 : PWMTimerCC32XX.oem4 (.text:PWMTimerCC32XX_open)
                  010027b0    000000f0     adcReadWrite.obj (.text:mainThread)
                  010028a0    000000ec     sysbios.aem4 : BIOS.obj (.text:pthread_create)
                  0100298c    000000d0                  : m3_Hwi_asm.obj (.text:ti_sysbios_family_arm_m3_Hwi_dispatch__I)
                  01002a5c    00000004     dpl_cc32xx.aem4 : ClockP_tirtos.oem4 (.text:ClockP_start)
                  01002a60    000000d0     sysbios.aem4 : BIOS.obj (.text:ti_sysbios_heaps_HeapMem_alloc__E)
                  01002b30    000000c4     drivers_cc32xx.aem4 : GPIOCC32XX.oem4 (.text:GPIO_init)
                  01002bf4    000000c4                         : PWMTimerCC32XX.oem4 (.text:PWMTimerCC32XX_stop)
                  01002cb8    000000c4     sysbios.aem4 : BIOS.obj (.text:ti_sysbios_knl_Task_sleep__E)
                  01002d7c    000000c2     drivers_cc32xx.aem4 : UARTCC32XX.oem4 (.text:UARTCC32XX_write)
                  01002e3e    00000002     display.aem4 : DisplayUart.oem4 (.text:DisplayUartMin_init)
                  01002e40    000000bc     sysbios.aem4 : BIOS.obj (.text:xdc_runtime_Core_createObject__I)
                  01002efc    000000ba     drivers_cc32xx.aem4 : UARTCC32XX.oem4 (.text:UARTCC32XX_readPolling)
                  01002fb6    00000002                         : PWMTimerCC32XX.oem4 (.text:PWMTimerCC32XX_init)
                  01002fb8    000000b8                         : PWMTimerCC32XX.oem4 (.text:PWMTimerCC32XX_setDuty)
                  01003070    000000b8                         : UARTCC32XX.oem4 (.text:initHw)
                  01003128    000000b6                         : UARTCC32XX.oem4 (.text:readTaskCallback)
                  010031de    00000002                         : UARTCC32XX.oem4 (.text:UARTCC32XX_init)
                  010031e0    000000b4                         : PowerCC32XX.oem4 (.text:restoreParkedPins)
                  01003294    000000ae                         : UARTCC32XX.oem4 (.text:readIsrTextBlocking)
                  01003342    00000002     rtsv7M4_T_le_eabi.lib : _lock.c.obj (.text:_nop)
                  01003344    000000a8     drivers_cc32xx.aem4 : PowerCC32XX.oem4 (.text:PowerCC32XX_configureWakeup)
                  010033ec    000000a8                         : UARTCC32XX.oem4 (.text:readTaskBlocking)
                  01003494    000000a8     adcReadWrite.obj (.text:threadADCWrite)
                  0100353c    000000a4     drivers_cc32xx.aem4 : PWMTimerCC32XX.oem4 (.text:initHw)
                  010035e0    000000a4     sysbios.aem4 : BIOS.obj (.text:ti_sysbios_knl_Task_setPri__E)
                  01003684    000000a2     drivers_cc32xx.aem4 : UARTCC32XX.oem4 (.text:readIsrTextCallback)
                  01003726    000000a2                         : UARTCC32XX.oem4 (.text:writeData)
                  010037c8    000000a0     auto_init.aem4 : auto_init.oem4 (.text)
                  01003868    0000009c     sysbios.aem4 : BIOS.obj (.text:_pthread_removeThreadKeys)
                  01003904    0000009c     rtsv7M4_T_le_eabi.lib : memcpy_t2.asm.obj (.text)
                  010039a0    00000098     drivers_cc32xx.aem4 : PWMTimerCC32XX.oem4 (.text:PWMTimerCC32XX_setPeriod)
                  01003a38    00000098                         : GPIOCC32XX.oem4 (.text:powerNotifyFxn)
                  01003ad0    00000098     sysbios.aem4 : BIOS.obj (.text:ti_sysbios_family_arm_m3_Hwi_Instance_init__E)
                  01003b68    00000096     rtsv7M4_T_le_eabi.lib : ull_div_t2.asm.obj (.text)
                  01003bfe    00000002                           : div0.asm.obj (.text)
                  01003c00    00000094     drivers_cc32xx.aem4 : ADCCC32XX.oem4 (.text:ADCCC32XX_open)
                  01003c94    00000004     dpl_cc32xx.aem4 : ClockP_tirtos.oem4 (.text:ClockP_stop)
                  01003c98    00000094     sysbios.aem4 : BIOS.obj (.text:ti_sysbios_knl_Task_exit__E)
                  01003d2c    00000090     drivers_cc32xx.aem4 : PowerCC32XX.oem4 (.text:restoreNVICRegs)
                  01003dbc    00000004     dpl_cc32xx.aem4 : HwiP_tirtos.oem4 (.text:HwiP_disable)
                  01003dc0    00000090     sysbios.aem4 : BIOS.obj (.text:ti_sysbios_knl_Task_Module_startup__E)
                  01003e50    0000008c                  : BIOS.obj (.text:xdc_runtime_Memory_alloc__E)
                  01003edc    00000088     drivers_cc32xx.aem4 : PWMTimerCC32XX.oem4 (.text:PWMTimerCC32XX_close)
                  01003f64    00000088     driverlib.a : pin.obj (.text:PinConfigSet)
                  01003fec    00000004     dpl_cc32xx.aem4 : SemaphoreP_tirtos.oem4 (.text:SemaphoreP_post)
                  01003ff0    00000088     sysbios.aem4 : BIOS.obj (.text:ti_sysbios_family_arm_m3_Hwi_initNVIC__E)
                  01004078    00000088                  : BIOS.obj (.text:ti_sysbios_family_arm_m3_TaskSupport_start__E)
                  01004100    00000086     rtsv7M4_T_le_eabi.lib : fd_cmp_t2.asm.obj (.text:__aeabi_cdcmple)
                  01004186    00000086                           : fd_cmp_t2.asm.obj (.text:__aeabi_cdrcmple)
                  0100420c    00000004     dpl_cc32xx.aem4 : SystemP_tirtos.oem4 (.text:SystemP_vsnprintf)
                  01004210    00000086     sysbios.aem4 : BIOS.obj (.text:xdc_runtime_Core_constructObject__I)
                  01004296    00000002     release_pem4.oem4 (.text:ti_sysbios_BIOS_nullFunc__I)
                  01004298    00000084     drivers_cc32xx.aem4 : PowerCC32XX.oem4 (.text:Power_init)
                  0100431c    00000084                         : PowerCC32XX.oem4 (.text:saveNVICRegs)
                  010043a0    00000084     sysbios.aem4 : BIOS.obj (.text:ti_sysbios_family_arm_m3_Hwi_postInit__I)
                  01004424    00000004     release_pem4.oem4 (.text:ti_sysbios_BIOS_RtsGateProxy_enter__E)
                  01004428    00000084     sysbios.aem4 : BIOS.obj (.text:ti_sysbios_heaps_HeapMem_free__E)
                  010044ac    00000080     drivers_cc32xx.aem4 : PowerCC32XX.oem4 (.text:Power_setDependency)
                  0100452c    00000004     release_pem4.oem4 (.text:ti_sysbios_BIOS_RtsGateProxy_leave__E)
                  01004530    00000080     sysbios.aem4 : BIOS.obj (.text:ti_sysbios_knl_Clock_workFunc__E)
                  010045b0    0000007c     drivers_cc32xx.aem4 : ADCCC32XX.oem4 (.text:ADCCC32XX_close)
                  0100462c    0000007c                         : UARTCC32XX.oem4 (.text:readIsrBinaryBlocking)
                  010046a8    0000007a     rtsv7M4_T_le_eabi.lib : memset_t2.asm.obj (.text)
                  01004722    00000002     release_pem4.oem4 (.text:xdc_runtime_Startup_reset__I)
                  01004724    00000078     drivers_cc32xx.aem4 : GPIOCC32XX.oem4 (.text:GPIO_hwiIntFxn)
                  0100479c    00000078                         : UARTCC32XX.oem4 (.text:readIsrBinaryCallback)
                  01004814    00000004     release_pem4.oem4 (.text:ti_sysbios_family_arm_m3_Hwi_delete)
                  01004818    00000075     sysbios.aem4 : BIOS.obj (.text:xdc_runtime_System_formatNum__I)
                  0100488d    00000001     --HOLE-- [fill = 0]
                  0100488e    00000074     drivers_cc32xx.aem4 : UARTCC32XX.oem4 (.text:UARTCC32XX_hwiIntFxn)
                  01004902    00000006     display.aem4 : DisplayUart.oem4 (.text:DisplayUartMin_control)
                  01004908    00000074     sysbios.aem4 : BIOS.obj (.text:xdc_runtime_Core_deleteObject__I)
                  0100497c    00000004     release_pem4.oem4 (.text:ti_sysbios_family_arm_m3_TaskSupport_Module__startupDone__S)
                  01004980    00000070     sysbios.aem4 : BIOS.obj (.text:ti_sysbios_heaps_HeapMem_initPrimary__I)
                  010049f0    0000006c                  : BIOS.obj (.text:ti_sysbios_knl_Swi_restoreHwi__E)
                  01004a5c    00000068     drivers_cc32xx.aem4 : PWMTimerCC32XX.oem4 (.text:PWMTimerCC32XX_start)
                  01004ac4    00000068     rtsv7M4_T_le_eabi.lib : copy_decompress_lzss.c.obj (.text:decompress:lzss:__TI_decompress_lzss)
                  01004b2c    00000068     main_tirtos.obj (.text:main)
                  01004b94    00000004     release_pem4.oem4 (.text:ti_sysbios_heaps_HeapMem_Module_GateProxy_enter__E)
                  01004b98    00000068     sysbios.aem4 : BIOS.obj (.text:pthread_exit)
                  01004c00    00000066     drivers_cc32xx.aem4 : UARTCC32XX.oem4 (.text:UARTCC32XX_writeCancel)
                  01004c66    00000002     --HOLE-- [fill = 0]
                  01004c68    00000064                         : ADCCC32XX.oem4 (.text:ADCCC32XX_convert)
                  01004ccc    00000064                         : GPIOCC32XX.oem4 (.text:GPIO_toggle)
                  01004d30    00000064                         : PowerCC32XX.oem4 (.text:PowerCC32XX_setParkState)
                  01004d94    00000004     release_pem4.oem4 (.text:ti_sysbios_heaps_HeapMem_Module_GateProxy_leave__E)
                  01004d98    00000064     sysbios.aem4 : BIOS.obj (.text:ti_sysbios_family_arm_m3_Hwi_dispatchC__I)
                  01004dfc    00000062     drivers_cc32xx.aem4 : UARTCC32XX.oem4 (.text:UARTCC32XX_writePolling)
                  01004e5e    00000002     --HOLE-- [fill = 0]
                  01004e60    00000060     driverlib.a : prcm.obj (.text:PRCMSysResetCauseGet)
                  01004ec0    00000060     sysbios.aem4 : BIOS.obj (.text:ti_sysbios_knl_Semaphore_post__E)
                  01004f20    00000060                  : BIOS.obj (.text:ti_sysbios_knl_Swi_run__I)
                  01004f80    0000005c     display.aem4 : Display.oem4 (.text:Display_doOpen)
                  01004fdc    00000004     release_pem4.oem4 (.text:ti_sysbios_knl_Clock_TimerProxy_getMaxTicks__E)
                  01004fe0    0000005c     sysbios.aem4 : BIOS.obj (.text:ti_sysbios_family_arm_m3_Timer_start__E)
                  0100503c    00000004     release_pem4.oem4 (.text:ti_sysbios_knl_Clock_TimerProxy_setPeriodMicroSecs__E)
                  01005040    0000005c     sysbios.aem4 : BIOS.obj (.text:ti_sysbios_knl_Swi_schedule__I)
                  0100509c    00000004     release_pem4.oem4 (.text:ti_sysbios_knl_Clock_TimerProxy_start__E)
                  010050a0    0000005c     sysbios.aem4 : BIOS.obj (.text:ti_sysbios_knl_Task_startCore__E)
                  010050fc    00000004     release_pem4.oem4 (.text:ti_sysbios_knl_Clock_TimerProxy_stop__E)
                  01005100    0000005c     sysbios.aem4 : BIOS.obj (.text:xdc_runtime_Startup_exec__E)
                  0100515c    00000058     drivers_cc32xx.aem4 : GPIOCC32XX.oem4 (.text:GPIO_setCallback)
                  010051b4    00000058     driverlib.a : prcm.obj (.text:PRCMPeripheralReset)
                  0100520c    00000058     drivers_cc32xx.aem4 : PowerCC32XX.oem4 (.text:Power_releaseDependency)
                  01005264    00000054                         : UARTCC32XX.oem4 (.text:ringBufGet)
                  010052b8    00000054     release_pem4.oem4 (.text:ti_sysbios_family_arm_m3_Hwi_create)
                  0100530c    00000004     release_pem4.oem4 (.text:ti_sysbios_knl_Clock_delete)
                  01005310    00000054     sysbios.aem4 : BIOS.obj (.text:ti_sysbios_family_arm_m3_Timer_setPeriod__E)
                  01005364    00000004     release_pem4.oem4 (.text:ti_sysbios_knl_Semaphore_delete)
                  01005368    00000054     sysbios.aem4 : BIOS.obj (.text:xdc_runtime_Core_assignLabel__I)
                  010053bc    00000052     drivers_cc32xx.aem4 : PowerCC32XX.oem4 (.text:PowerCC32XX_parkPin)
                  0100540e    00000052                         : PowerCC32XX_asm.oem4 (.text:PowerCC32XX_resumeLPDS)
                  01005460    00000050     dpl_cc32xx.aem4 : ClockP_tirtos.oem4 (.text:ClockP_create)
                  010054b0    00000050     drivers_cc32xx.aem4 : TimerCC32XX.oem4 (.text:TimerCC32XX_allocateTimerResource)
                  01005500    00000050     sysbios.aem4 : BIOS.obj (.text:ti_sysbios_family_arm_m3_Hwi_Module_startup__E)
                  01005550    00000050     release_pem4.oem4 (.text:ti_sysbios_knl_Task_create)
                  010055a0    0000004c     drivers_cc32xx.aem4 : GPIOCC32XX.oem4 (.text:GPIO_enableInt)
                  010055ec    0000004c     rtsv7M4_T_le_eabi.lib : cpy_tbl.c.obj (.text:copy_in)
                  01005638    0000004c     drivers_cc32xx.aem4 : PWMTimerCC32XX.oem4 (.text:getDutyCounts)
                  01005684    0000004c                         : PWMTimerCC32XX.oem4 (.text:getPeriodCounts)
                  010056d0    0000004c                         : PowerCC32XX.oem4 (.text:restorePeriphClocks)
                  0100571c    00000004     release_pem4.oem4 (.text:ti_sysbios_knl_Task_delete)
                  01005720    0000004c     sysbios.aem4 : BIOS.obj (.text:ti_sysbios_heaps_HeapMem_getStats__E)
                  0100576c    00000004     release_pem4.oem4 (.text:xdc_runtime_System_Module_GateProxy_enter__E)
                  01005770    0000004c     sysbios.aem4 : BIOS.obj (.text:ti_sysbios_knl_Swi_runLoop__I)
                  010057bc    00000004     release_pem4.oem4 (.text:xdc_runtime_System_Module_GateProxy_leave__E)
                  010057c0    0000004c     sysbios.aem4 : BIOS.obj (.text:ti_sysbios_knl_Task_allBlockedFunction__I)
                  0100580c    00000004     --HOLE-- [fill = 0]
                  01005810    0000004c                  : BIOS.obj (.text:ti_sysbios_knl_Task_schedule__I)
                  0100585c    0000004a     display.aem4 : DisplayUart.oem4 (.text:DisplayUartMin_open)
                  010058a6    00000002     --HOLE-- [fill = 0]
                  010058a8    00000048     driverlib.a : flash.obj (.text:FlashDisable)
                  010058f0    00000048                 : prcm.obj (.text:PRCMLPDSEnter)
                  01005938    00000048                 : prcm.obj (.text:PRCMPeripheralClkEnable)
                  01005980    00000048     drivers_cc32xx.aem4 : PowerCC32XX.oem4 (.text:Power_releaseConstraint)
                  010059c8    00000048     rtsv7M4_T_le_eabi.lib : fd_toi_t2.asm.obj (.text)
                  01005a10    00000048     sysbios.aem4 : BIOS.obj (.text:ti_sysbios_family_arm_m3_Hwi_disableInterrupt__E)
                  01005a58    00000048                  : BIOS.obj (.text:ti_sysbios_family_arm_m3_Hwi_enableInterrupt__E)
                  01005aa0    00000048                  : m3_Hwi_asm_switch.obj (.text:ti_sysbios_family_arm_m3_Hwi_initStacks__E)
                  01005ae8    00000048                  : BIOS.obj (.text:ti_sysbios_family_arm_m3_Timer_initDevice__I)
                  01005b30    00000048                  : BIOS.obj (.text:ti_sysbios_knl_Mailbox_Module_startup__E)
                  01005b78    00000048                  : BIOS.obj (.text:xdc_runtime_Core_assignParams__I)
                  01005bc0    00000046     display.aem4 : DisplayUart.oem4 (.text:DisplayUartMin_vprintf)
                  01005c06    00000046     drivers_cc32xx.aem4 : RingBuf.oem4 (.text:RingBuf_put)
                  01005c4c    00000044                         : ADC.oem4 (.text:ADC_init)
                  01005c90    00000044     driverlib.a : prcm.obj (.text:PRCMLPDSRestoreInfoSet)
                  01005cd4    00000044     drivers_cc32xx.aem4 : PWM.oem4 (.text:PWM_init)
                  01005d18    00000044                         : PowerCC32XX_asm.oem4 (.text:PowerCC32XX_enterLPDS)
                  01005d5c    00000044                         : UART.oem4 (.text:UART_init)
                  01005da0    00000044     boot.aem4 : boot.oem4 (.text)
                  01005de4    00000044     rtsv7M4_T_le_eabi.lib : fd_tou_t2.asm.obj (.text)
                  01005e28    00000044     sysbios.aem4 : BIOS.obj (.text:ti_sysbios_family_arm_m3_Hwi_getStackInfo__E)
                  01005e6c    00000004     --HOLE-- [fill = 0]
                  01005e70    00000044                  : BIOS.obj (.text:ti_sysbios_knl_Mailbox_postInit__I)
                  01005eb4    00000004     --HOLE-- [fill = 0]
                  01005eb8    00000044                  : BIOS.obj (.text:ti_sysbios_knl_Swi_post__E)
                  01005efc    00000004     --HOLE-- [fill = 0]
                  01005f00    00000044                  : BIOS.obj (.text:xdc_runtime_System_atexit__E)
                  01005f44    00000040     dpl_cc32xx.aem4 : HwiP_tirtos.oem4 (.text:HwiP_create)
                  01005f84    00000040     driverlib.a : pin.obj (.text:PinModeSet)
                  01005fc4    00000040     drivers_cc32xx.aem4 : RingBuf.oem4 (.text:RingBuf_get)
                  01006004    00000040                         : UARTCC32XX.oem4 (.text:UARTCC32XX_read)
                  01006044    00000040     rtsv7M4_T_le_eabi.lib : u_divt2.asm.obj (.text)
                  01006084    00000004     --HOLE-- [fill = 0]
                  01006088    00000040     sysbios.aem4 : BIOS.obj (.text:ti_sysbios_heaps_HeapMem_Instance_init__E)
                  010060c8    00000040                  : BIOS.obj (.text:ti_sysbios_knl_Clock_Instance_init__E)
                  01006108    0000003c     drivers_cc32xx.aem4 : ADC.oem4 (.text:ADC_open)
                  01006144    0000003c                         : PWM.oem4 (.text:PWM_open)
                  01006180    0000003c                         : PowerCC32XX.oem4 (.text:Power_setConstraint)
                  010061bc    0000003c     dpl_cc32xx.aem4 : SemaphoreP_tirtos.oem4 (.text:SemaphoreP_create)
                  010061f8    0000003c     drivers_cc32xx.aem4 : UART.oem4 (.text:UART_open)
                  01006234    0000003c     dpl_cc32xx.aem4 : PowerCC32XX_tirtos.oem4 (.text:getCountsRTC)
                  01006270    0000003c     sysbios.aem4 : BIOS.obj (.text:ti_sysbios_family_arm_m3_Hwi_Instance_finalize__E)
                  010062ac    00000004     --HOLE-- [fill = 0]
                  010062b0    0000003c                  : BIOS.obj (.text:ti_sysbios_family_arm_m3_Timer_setPeriodMicroSecs__E)
                  010062ec    0000003c     release_pem4.oem4 (.text:ti_sysbios_knl_Clock_create)
                  01006328    0000003c     sysbios.aem4 : BIOS.obj (.text:ti_sysbios_knl_Clock_walkQueuePeriodic__E)
                  01006364    00000004     --HOLE-- [fill = 0]
                  01006368    0000003c                  : BIOS.obj (.text:ti_sysbios_knl_Swi_restore__E)
                  010063a4    00000004     --HOLE-- [fill = 0]
                  010063a8    0000003c                  : BIOS.obj (.text:xdc_runtime_System_processAtExit__E)
                  010063e4    0000003a     drivers_cc32xx.aem4 : PWMTimerCC32XX.oem4 (.text:getPowerMgrId)
                  0100641e    00000002     --HOLE-- [fill = 0]
                  01006420    00000038     driverlib.a : prcm.obj (.text:PRCMLPDSEnterKeepDebugIf)
                  01006458    00000038     drivers_cc32xx.aem4 : PowerCC32XX.oem4 (.text:notify)
                  01006490    00000038     rtsv7M4_T_le_eabi.lib : fs_tod_t2.asm.obj (.text)
                  010064c8    00000038     sysbios.aem4 : BIOS.obj (.text:ti_sysbios_knl_Task_processVitalTaskFlag__I)
                  01006500    00000038                  : BIOS.obj (.text:usleep)
                  01006538    00000036     drivers_cc32xx.aem4 : PowerCC32XX.oem4 (.text:PowerCC32XX_restoreParkedPin)
                  0100656e    00000036                         : UARTCC32XX.oem4 (.text:UARTCC32XX_readCancel)
                  010065a4    00000034     driverlib.a : pin.obj (.text:PinModeGet)
                  010065d8    00000034     drivers_cc32xx.aem4 : PowerCC32XX.oem4 (.text:PowerCC32XX_restoreParkState)
                  0100660c    00000034                         : TimerCC32XX.oem4 (.text:TimerCC32XX_freeTimerResource)
                  01006640    00000034     sysbios.aem4 : BIOS.obj (.text:_pthread_delete$41)
                  01006674    00000034     drivers_cc32xx.aem4 : TimerCC32XX.oem4 (.text:getPowerMgrId)
                  010066a8    00000034     sysbios.aem4 : BIOS.obj (.text:ti_sysbios_family_arm_m3_Timer_periodicStub__I)
                  010066dc    00000034     release_pem4.oem4 (.text:ti_sysbios_knl_Semaphore_create)
                  01006710    00000032     sysbios.aem4 : BIOS.obj (.text:ti_sysbios_hal_Hwi_initStack)
                  01006742    00000002     --HOLE-- [fill = 0]
                  01006744    00000030     release_pem4.oem4 (.text:ti_sysbios_BIOS_atExitFunc__I)
                  01006774    00000030     release_pem4.oem4 (.text:ti_sysbios_BIOS_startFunc__I)
                  010067a4    00000030     release_pem4.oem4 (.text:ti_sysbios_gates_GateHwi_Object__create__S)
                  010067d4    00000030     release_pem4.oem4 (.text:ti_sysbios_gates_GateMutex_Object__create__S)
                  01006804    00000004     --HOLE-- [fill = 0]
                  01006808    00000030     sysbios.aem4 : BIOS.obj (.text:ti_sysbios_gates_GateMutex_enter__E)
                  01006838    00000030     release_pem4.oem4 (.text:ti_sysbios_heaps_HeapMem_Object__create__S)
                  01006868    00000030     release_pem4.oem4 (.text:ti_sysbios_knl_Semaphore_construct)
                  01006898    00000030     sysbios.aem4 : BIOS.obj (.text:ti_sysbios_knl_Semaphore_pendTimeout__I)
                  010068c8    00000030                  : BIOS.obj (.text:ti_sysbios_knl_Task_restore__E)
                  010068f8    00000030                  : BIOS.obj (.text:ti_sysbios_knl_Task_unblockI__E)
                  01006928    0000002e     rtsv7M4_T_le_eabi.lib : i_tofd_t2.asm.obj (.text)
                  01006956    00000002     --HOLE-- [fill = 0]
                  01006958    0000002c     drivers_cc32xx.aem4 : PowerCC32XX.oem4 (.text:PowerCC32XX_getParkState)
                  01006984    0000002c     dpl_cc32xx.aem4 : SemaphoreP_tirtos.oem4 (.text:SemaphoreP_createBinary)
                  010069b0    0000002c     sysbios.aem4 : BIOS.obj (.text:_pthread_cleanupFxn)
                  010069dc    0000002c     adcReadWrite.obj (.text:gpioButtonPushed)
                  01006a08    0000002c     release_pem4.oem4 (.text:ti_sysbios_knl_Clock_doTick__I)
                  01006a34    0000002c     release_pem4.oem4 (.text:ti_sysbios_knl_Queue_construct)
                  01006a60    0000002a     display.aem4 : Display.oem4 (.text:Display_doPrintf)
                  01006a8a    00000006                  : DisplayUart.oem4 (.text:DisplayUartMin_getType)
                  01006a90    0000002a     sysbios.aem4 : BIOS.obj (.text:xdc_runtime_System_putchar__I)
                  01006aba    00000002     --HOLE-- [fill = 0]
                  01006abc    00000028     display.aem4 : Display.oem4 (.text:Display_doInit)
                  01006ae4    00000028     driverlib.a : prcm.obj (.text:PRCMPeripheralClkDisable)
                  01006b0c    00000028     dpl_cc32xx.aem4 : PowerCC32XX_tirtos.oem4 (.text:PowerCC32XX_initPolicy)
                  01006b34    00000028     drivers_cc32xx.aem4 : PowerCC32XX.oem4 (.text:Power_registerNotify)
                  01006b5c    00000004     --HOLE-- [fill = 0]
                  01006b60    00000028     sysbios.aem4 : BIOS.obj (.text:ti_sysbios_knl_Clock_addI__E)
                  01006b88    00000028                  : BIOS.obj (.text:ti_sysbios_knl_Swi_Module_startup__E)
                  01006bb0    00000026     drivers_cc32xx.aem4 : List.oem4 (.text:List_put)
                  01006bd6    00000026                         : List.oem4 (.text:List_remove)
                  01006bfc    00000004     --HOLE-- [fill = 0]
                  01006c00    00000024     sysbios.aem4 : BIOS.obj (.text:pthread_attr_init)
                  01006c24    00000024     release_pem4.oem4 (.text:ti_sysbios_BIOS_registerRTSLock__I)
                  01006c48    00000024     release_pem4.oem4 (.text:ti_sysbios_BIOS_removeRTSLock__I)
                  01006c6c    00000004     --HOLE-- [fill = 0]
                  01006c70    00000024     sysbios.aem4 : BIOS.obj (.text:ti_sysbios_family_arm_m3_Timer_postInit__I)
                  01006c94    00000004     --HOLE-- [fill = 0]
                  01006c98    00000024                  : BIOS.obj (.text:ti_sysbios_family_arm_m3_Timer_startup__E)
                  01006cbc    00000024     release_pem4.oem4 (.text:ti_sysbios_gates_GateMutex_Object__delete__S)
                  01006ce0    00000024     sysbios.aem4 : BIOS.obj (.text:ti_sysbios_knl_Clock_Module_startup__E)
                  01006d04    00000024     release_pem4.oem4 (.text:ti_sysbios_knl_Clock_Object__delete__S)
                  01006d28    00000024     sysbios.aem4 : BIOS.obj (.text:ti_sysbios_knl_Clock_start__E)
                  01006d4c    00000004     --HOLE-- [fill = 0]
                  01006d50    00000024                  : BIOS.obj (.text:ti_sysbios_knl_Semaphore_Instance_init__E)
                  01006d74    00000024     release_pem4.oem4 (.text:ti_sysbios_knl_Semaphore_Object__delete__S)
                  01006d98    00000024     sysbios.aem4 : BIOS.obj (.text:ti_sysbios_knl_Task_restoreHwi__E)
                  01006dbc    00000004     --HOLE-- [fill = 0]
                  01006dc0    00000024                  : BIOS.obj (.text:xdc_runtime_Error_policyMin__E)
                  01006de4    00000020     drivers_cc32xx.aem4 : ADCCC32XX.oem4 (.text:ADCCC32XX_convertToMicroVolts)
                  01006e04    00000020                         : PowerCC32XX.oem4 (.text:Power_unregisterNotify)
                  01006e24    00000020                         : RingBuf.oem4 (.text:RingBuf_peek)
                  01006e44    00000020                         : UARTCC32XX.oem4 (.text:getPowerMgrId)
                  01006e64    00000020     rtsv7M4_T_le_eabi.lib : u_tofd_t2.asm.obj (.text)
                  01006e84    00000020     release_pem4.oem4 (.text:ti_sysbios_BIOS_rtsLock__I)
                  01006ea4    00000020     release_pem4.oem4 (.text:ti_sysbios_family_arm_m3_Hwi_Object__delete__S)
                  01006ec4    00000020     sysbios.aem4 : m3_Hwi_asm.obj (.text:ti_sysbios_family_arm_m3_Hwi_excHandlerAsm__I)
                  01006ee4    00000004     --HOLE-- [fill = 0]
                  01006ee8    00000020                  : BIOS.obj (.text:ti_sysbios_family_arm_m3_Hwi_excHandler__I)
                  01006f08    00000020     release_pem4.oem4 (.text:ti_sysbios_gates_GateHwi_Object__delete__S)
                  01006f28    00000020     release_pem4.oem4 (.text:ti_sysbios_heaps_HeapMem_Object__delete__S)
                  01006f48    00000020     sysbios.aem4 : BIOS.obj (.text:ti_sysbios_knl_Idle_run__E)
                  01006f68    00000020     release_pem4.oem4 (.text:ti_sysbios_knl_Semaphore_destruct)
                  01006f88    00000020     release_pem4.oem4 (.text:ti_sysbios_knl_Task_Object__delete__S)
                  01006fa8    0000001e     sysbios.aem4 : m3_Hwi_asm_switch.obj (.text:ti_sysbios_family_xxx_Hwi_switchAndRunFunc)
                  01006fc6    00000002     --HOLE-- [fill = 0]
                  01006fc8    0000001c     driverlib.a : pin.obj (.text:PinToPadGet)
                  01006fe4    00000004     --HOLE-- [fill = 0]
                  01006fe8    0000001c     sysbios.aem4 : BIOS.obj (.text:ti_sysbios_family_arm_m3_Timer_Module_startup__E)
                  01007004    00000004     --HOLE-- [fill = 0]
                  01007008    0000001c                  : BIOS.obj (.text:ti_sysbios_family_arm_m3_Timer_stop__E)
                  01007024    00000004     --HOLE-- [fill = 0]
                  01007028    0000001c                  : BIOS.obj (.text:ti_sysbios_gates_GateMutex_Instance_init__E)
                  01007044    00000004     --HOLE-- [fill = 0]
                  01007048    0000001c                  : BIOS.obj (.text:ti_sysbios_knl_Clock_Instance_finalize__E)
                  01007064    0000001c     release_pem4.oem4 (.text:ti_sysbios_knl_Queue_destruct)
                  01007080    0000001c     sysbios.aem4 : BIOS.obj (.text:ti_sysbios_knl_Queue_put__E)
                  0100709c    00000004     --HOLE-- [fill = 0]
                  010070a0    0000001c                  : BIOS.obj (.text:ti_sysbios_knl_Task_enter__I)
                  010070bc    0000001a                  : m3_Hwi_asm.obj (.text:ti_sysbios_family_arm_m3_Hwi_pendSV__I)
                  010070d6    00000002     --HOLE-- [fill = 0]
                  010070d8    00000018     drivers_cc32xx.aem4 : PowerCC32XX.oem4 (.text:Power_idleFunc)
                  010070f0    00000018     driverlib.a : uart.obj (.text:UARTBusy)
                  01007108    00000018                 : uart.obj (.text:UARTIntEnable)
                  01007120    00000018     drivers_cc32xx.aem4 : UART.oem4 (.text:UART_Params_init)
                  01007138    00000018     rtsv7M4_T_le_eabi.lib : args_main.c.obj (.text:_args_main)
                  01007150    00000018                           : ll_mul_t2.asm.obj (.text)
                  01007168    00000018     release_pem4.oem4 (.text:ti_sysbios_BIOS_rtsUnlock__I)
                  01007180    00000018     release_pem4.oem4 (.text:ti_sysbios_family_arm_m3_Hwi_Module__startupDone__F)
                  01007198    00000018     release_pem4.oem4 (.text:ti_sysbios_family_arm_m3_Timer_Module__startupDone__F)
                  010071b0    00000018     release_pem4.oem4 (.text:ti_sysbios_gates_GateHwi_Handle__label__S)
                  010071c8    00000018     release_pem4.oem4 (.text:ti_sysbios_gates_GateMutex_Handle__label__S)
                  010071e0    00000018     sysbios.aem4 : BIOS.obj (.text:ti_sysbios_gates_GateMutex_leave__E)
                  010071f8    00000018     release_pem4.oem4 (.text:ti_sysbios_heaps_HeapMem_Handle__label__S)
                  01007210    00000018     sysbios.aem4 : BIOS.obj (.text:ti_sysbios_knl_Task_sleepTimeout__I)
                  01007228    00000018                  : BIOS.obj (.text:ti_sysbios_rts_ti_ReentSupport_getReent__F)
                  01007240    00000018     release_pem4.oem4 (.text:ti_sysbios_rts_ti_ReentSupport_getTlsAddr__I)
                  01007258    00000018     sysbios.aem4 : BIOS.obj (.text:xdc_runtime_Error_init__E)
                  01007270    00000018                  : BIOS.obj (.text:xdc_runtime_System_exit__E)
                  01007288    00000016     display.aem4 : DisplayUart.oem4 (.text:DisplayUartMin_close)
                  0100729e    00000016     driverlib.a : prcm.obj (.text:PRCMHIBRegRead)
                  010072b4    00000016                 : prcm.obj (.text:PRCMHIBRegWrite)
                  010072ca    00000016     release_pem4.oem4 (.text:ti_sysbios_BIOS_exitFunc__I)
                  010072e0    00000014     drivers_cc32xx.aem4 : PWM.oem4 (.text:PWM_Params_init)
                  010072f4    00000014                         : PowerCC32XX.oem4 (.text:Power_getDependencyCount)
                  01007308    00000014     sysbios.aem4 : BIOS.obj (.text:pthread_attr_setschedparam)
                  0100731c    00000014     drivers_cc32xx.aem4 : UARTCC32XX.oem4 (.text:releasePowerConstraint)
                  01007330    00000014     rtsv7M4_T_le_eabi.lib : strlen.c.obj (.text:strlen)
                  01007344    00000014     release_pem4.oem4 (.text:ti_sysbios_family_arm_m3_Hwi_Object__get__S)
                  01007358    00000014     sysbios.aem4 : BIOS.obj (.text:ti_sysbios_family_arm_m3_Hwi_switchFromBootStack__E)
                  0100736c    00000014                  : m3_TaskSupport_asm.obj (.text:ti_sysbios_family_arm_m3_TaskSupport_swap__E)
                  01007380    00000014     release_pem4.oem4 (.text:ti_sysbios_heaps_HeapMem_Object__get__S)
                  01007394    00000004     --HOLE-- [fill = 0]
                  01007398    00000014     sysbios.aem4 : BIOS.obj (.text:ti_sysbios_knl_Clock_tickReconfig__E)
                  010073ac    00000014     release_pem4.oem4 (.text:ti_sysbios_knl_Swi_Object__get__S)
                  010073c0    00000012     drivers_cc32xx.aem4 : RingBuf.oem4 (.text:RingBuf_construct)
                  010073d2    00000012     dpl_cc32xx.aem4 : SemaphoreP_tirtos.oem4 (.text:SemaphoreP_pend)
                  010073e4    00000004     --HOLE-- [fill = 0]
                  010073e8    00000012     sysbios.aem4 : BIOS.obj (.text:_pthread_runStub$41)
                  010073fa    00000012     drivers_cc32xx.aem4 : PWMTimerCC32XX.oem4 (.text:postNotifyFxn)
                  0100740c    00000004     --HOLE-- [fill = 0]
                  01007410    00000012     sysbios.aem4 : BIOS.obj (.text:ti_sysbios_hal_Hwi_Module_startup__E)
                  01007422    00000012     release_pem4.oem4 (.text:xdc_runtime_Startup_exec__I)
                  01007434    00000010     dpl_cc32xx.aem4 : HwiP_tirtos.oem4 (.text:HwiP_Params_init)
                  01007444    00000010     drivers_cc32xx.aem4 : UARTCC32XX.oem4 (.text:readBlockingTimeout)
                  01007454    00000004     --HOLE-- [fill = 0]
                  01007458    00000010     sysbios.aem4 : BIOS.obj (.text:ti_sysbios_BIOS_getCpuFreq__E)
                  01007468    00000010                  : BIOS.obj (.text:ti_sysbios_BIOS_setThreadType__E)
                  01007478    00000010                  : BIOS.obj (.text:ti_sysbios_BIOS_start__E)
                  01007488    00000010                  : m3_TaskSupport_asm.obj (.text:ti_sysbios_family_arm_m3_TaskSupport_glue)
                  01007498    00000010                  : BIOS.obj (.text:ti_sysbios_gates_GateMutex_Instance_finalize__E)
                  010074a8    00000010     release_pem4.oem4 (.text:ti_sysbios_knl_Mailbox_Object__get__S)
                  010074b8    00000010     sysbios.aem4 : BIOS.obj (.text:ti_sysbios_knl_Semaphore_Instance_finalize__E)
                  010074c8    00000010                  : BIOS.obj (.text:ti_sysbios_knl_Swi_disable__E)
                  010074d8    00000010     release_pem4.oem4 (.text:ti_sysbios_knl_Task_Object__get__S)
                  010074e8    00000010     sysbios.aem4 : BIOS.obj (.text:ti_sysbios_knl_Task_disable__E)
                  010074f8    00000010                  : BIOS.obj (.text:xdc_runtime_Memory_free__E)
                  01007508    00000010                  : BIOS.obj (.text:xdc_runtime_SysCallback_abort__E)
                  01007518    00000010                  : BIOS.obj (.text:xdc_runtime_SysCallback_exit__E)
                  01007528    00000010                  : BIOS.obj (.text:xdc_runtime_SysCallback_putch__E)
                  01007538    00000010                  : BIOS.obj (.text:xdc_runtime_SysCallback_ready__E)
                  01007548    00000010                  : BIOS.obj (.text:xdc_runtime_System_vsnprintf__E)
                  01007558    0000000e     drivers_cc32xx.aem4 : RingBuf.oem4 (.text:RingBuf_isFull)
                  01007566    0000000e     rtsv7M4_T_le_eabi.lib : copy_decompress_none.c.obj (.text:decompress:none:__TI_decompress_none)
                  01007574    00000004     --HOLE-- [fill = 0]
                  01007578    0000000e     sysbios.aem4 : BIOS.obj (.text:pthread_attr_setdetachstate)
                  01007586    00000002     --HOLE-- [fill = 0]
                  01007588    0000000e                  : BIOS.obj (.text:ti_sysbios_knl_Idle_loop__E)
                  01007596    00000002     --HOLE-- [fill = 0]
                  01007598    0000000e                  : BIOS.obj (.text:ti_sysbios_knl_Queue_empty__E)
                  010075a6    0000000c     CC3220SF_LAUNCHXL.obj (.text:CC3220SF_LAUNCHXL_initGeneral)
                  010075b2    0000000c     dpl_cc32xx.aem4 : ClockP_tirtos.oem4 (.text:ClockP_delete)
                  010075be    0000000c                     : HwiP_tirtos.oem4 (.text:HwiP_delete)
                  010075ca    00000002     --HOLE-- [fill = 0]
                  010075cc    0000000c     drivers_cc32xx.aem4 : PowerCC32XX.oem4 (.text:Power_getConstraintMask)
                  010075d8    0000000c     dpl_cc32xx.aem4 : SemaphoreP_tirtos.oem4 (.text:SemaphoreP_delete)
                  010075e4    0000000c     rtsv7M4_T_le_eabi.lib : _lock.c.obj (.text:_register_lock)
                  010075f0    0000000c                           : _lock.c.obj (.text:_register_unlock)
                  010075fc    0000000c                           : copy_zero_init.c.obj (.text:decompress:ZI:__TI_zero_init)
                  01007608    0000000c     drivers_cc32xx.aem4 : UARTCC32XX.oem4 (.text:postNotifyFxn)
                  01007614    0000000c     release_pem4.oem4 (.text:ti_sysbios_family_arm_m3_Hwi_Params__init__S)
                  01007620    0000000c     sysbios.aem4 : BIOS.obj (.text:ti_sysbios_family_arm_m3_Hwi_disableFxn__E)
                  0100762c    00000004     --HOLE-- [fill = 0]
                  01007630    0000000c                  : BIOS.obj (.text:ti_sysbios_family_arm_m3_TaskSupport_getStackAlignment__E)
                  0100763c    00000004     --HOLE-- [fill = 0]
                  01007640    0000000c                  : BIOS.obj (.text:ti_sysbios_gates_GateHwi_enter__E)
                  0100764c    0000000c     release_pem4.oem4 (.text:ti_sysbios_knl_Clock_Params__init__S)
                  01007658    0000000c     sysbios.aem4 : BIOS.obj (.text:ti_sysbios_knl_Clock_getTicks__E)
                  01007664    00000004     --HOLE-- [fill = 0]
                  01007668    0000000c                  : BIOS.obj (.text:ti_sysbios_knl_Clock_setTicks__E)
                  01007674    00000004     --HOLE-- [fill = 0]
                  01007678    0000000c                  : BIOS.obj (.text:ti_sysbios_knl_Clock_tickStart__E)
                  01007684    00000004     --HOLE-- [fill = 0]
                  01007688    0000000c                  : BIOS.obj (.text:ti_sysbios_knl_Clock_tickStop__E)
                  01007694    0000000c     release_pem4.oem4 (.text:ti_sysbios_knl_Queue_Object__get__S)
                  010076a0    0000000c     release_pem4.oem4 (.text:ti_sysbios_knl_Semaphore_Params__init__S)
                  010076ac    0000000c     release_pem4.oem4 (.text:ti_sysbios_knl_Task_Params__init__S)
                  010076b8    0000000c     sysbios.aem4 : BIOS.obj (.text:ti_sysbios_knl_Task_self__E)
                  010076c4    00000004     --HOLE-- [fill = 0]
                  010076c8    0000000c                  : BIOS.obj (.text:ti_sysbios_rts_ti_ReentSupport_taskRegHook__I)
                  010076d4    00000004     --HOLE-- [fill = 0]
                  010076d8    0000000c                  : BIOS.obj (.text:xdc_runtime_Startup_rtsDone__E)
                  010076e4    0000000a     drivers_cc32xx.aem4 : ADC.oem4 (.text:ADC_Params_init)
                  010076ee    0000000a                         : ADC.oem4 (.text:ADC_convert)
                  010076f8    0000000a                         : ADC.oem4 (.text:ADC_convertToMicroVolts)
                  01007702    0000000a     dpl_cc32xx.aem4 : ClockP_tirtos.oem4 (.text:ClockP_Params_init)
                  0100770c    0000000a     drivers_cc32xx.aem4 : PWM.oem4 (.text:PWM_setDuty)
                  01007716    0000000a                         : PWM.oem4 (.text:PWM_start)
                  01007720    0000000a                         : UART.oem4 (.text:UART_close)
                  0100772a    0000000a                         : UART.oem4 (.text:UART_control)
                  01007734    0000000a                         : UART.oem4 (.text:UART_write)
                  0100773e    0000000a     release_pem4.oem4 (.text:xdc_runtime_IHeap_alloc)
                  01007748    0000000a     release_pem4.oem4 (.text:xdc_runtime_IHeap_free)
                  01007752    00000008     drivers_cc32xx.aem4 : ADCCC32XX.oem4 (.text:ADCCC32XX_init)
                  0100775a    00000008     dpl_cc32xx.aem4 : SemaphoreP_tirtos.oem4 (.text:SemaphoreP_Params_init)
                  01007762    00000006     drivers_cc32xx.aem4 : PWMTimerCC32XX.oem4 (.text:PWMTimerCC32XX_control)
                  01007768    00000008     sysbios.aem4 : BIOS.obj (.text:pthread_attr_setstacksize)
                  01007770    00000008     drivers_cc32xx.aem4 : UARTCC32XX.oem4 (.text:readSemCallback)
                  01007778    00000008     sysbios.aem4 : BIOS.obj (.text:ti_sysbios_family_arm_m3_Hwi_doSwiRestore__I)
                  01007780    00000008                  : BIOS.obj (.text:ti_sysbios_family_arm_m3_Hwi_startup__E)
                  01007788    00000008     drivers_cc32xx.aem4 : UARTCC32XX.oem4 (.text:writeSemCallback)
                  01007790    00000006     driverlib.a : utils.obj (.text:UtilsDelay)
                  01007796    00000002     --HOLE-- [fill = 0]
                  01007798    00000006     sysbios.aem4 : BIOS.obj (.text:ti_sysbios_family_arm_m3_Hwi_doTaskRestore__I)
                  0100779e    00000002     --HOLE-- [fill = 0]
                  010077a0    00000006                  : BIOS.obj (.text:ti_sysbios_family_arm_m3_Hwi_restoreFxn__E)
                  010077a6    00000002     --HOLE-- [fill = 0]
                  010077a8    00000006                  : BIOS.obj (.text:ti_sysbios_gates_GateHwi_leave__E)
                  010077ae    00000002     --HOLE-- [fill = 0]
                  010077b0    00000006                  : BIOS.obj (.text:ti_sysbios_heaps_HeapMem_isBlocking__E)
                  010077b6    00000002     --HOLE-- [fill = 0]
                  010077b8    00000006                  : BIOS.obj (.text:ti_sysbios_knl_Clock_stop__E)
                  010077be    00000002     --HOLE-- [fill = 0]
                  010077c0    00000006                  : BIOS.obj (.text:ti_sysbios_knl_Queue_Instance_init__E)
                  010077c6    00000002     --HOLE-- [fill = 0]
                  010077c8    00000006                  : BIOS.obj (.text:ti_sysbios_knl_Swi_startup__E)
                  010077ce    00000002     --HOLE-- [fill = 0]
                  010077d0    00000006                  : BIOS.obj (.text:xdc_runtime_System_Module_startup__E)
                  010077d6    00000002     --HOLE-- [fill = 0]
                  010077d8    00000004                  : BIOS.obj (.text:ti_sysbios_family_arm_m3_Timer_getMaxTicks__E)
                  010077dc    00000004     --HOLE-- [fill = 0]
                  010077e0    00000004                  : BIOS.obj (.text:ti_sysbios_gates_GateHwi_query__E)
                  010077e4    00000004     --HOLE-- [fill = 0]
                  010077e8    00000004                  : BIOS.obj (.text:ti_sysbios_gates_GateMutex_query__E)
                  010077ec    00000004     --HOLE-- [fill = 0]
                  010077f0    00000004                  : BIOS.obj (.text:ti_sysbios_knl_Clock_setTimeout__E)
                  010077f4    00000004     --HOLE-- [fill = 0]
                  010077f8    00000004                  : BIOS.obj (.text:ti_sysbios_knl_Task_startup__E)
                  010077fc    00000004     --HOLE-- [fill = 0]
                  01007800    00000004                  : BIOS.obj (.text:xdc_runtime_SysCallback_defaultReady)
                  01007804    00000004     --HOLE-- [fill = 0]
                  01007808    00000002                  : BIOS.obj (.text:ti_sysbios_BIOS_linkedWithIncorrectBootLibrary__E)
                  0100780a    00000006     --HOLE-- [fill = 0]
                  01007810    00000002                  : BIOS.obj (.text:ti_sysbios_gates_GateHwi_Instance_init__E)
                  01007812    00000006     --HOLE-- [fill = 0]
                  01007818    00000002                  : BIOS.obj (.text:ti_sysbios_knl_Clock_logTick__E)
                  0100781a    00000006     --HOLE-- [fill = 0]
                  01007820    00000002                  : BIOS.obj (.text:xdc_runtime_SysCallback_defaultAbort)
                  01007822    00000006     --HOLE-- [fill = 0]
                  01007828    00000002                  : BIOS.obj (.text:xdc_runtime_SysCallback_defaultExit)
                  0100782a    00000006     --HOLE-- [fill = 0]
                  01007830    00000002                  : BIOS.obj (.text:xdc_runtime_SysCallback_defaultPutch)
                  01007832    00000006     --HOLE-- [fill = 0]
                  01007838    00000002                  : BIOS.obj (.text:xdc_runtime_System_abortSpin__E)
                  0100783a    00000006     --HOLE-- [fill = 0]
                  01007840    00000002                  : BIOS.obj (.text:xdc_runtime_System_exitSpin__E)

.const     0    01007844    000008e5     
                  01007844    00000100     driverlib.a : pin.obj (.const:g_ulPinToPadMap)
                  01007944    000000a8                 : prcm.obj (.const:PRCM_PeriphRegsList)
                  010079ec    00000058     release_pem4.oem4 (.const:.string)
                  01007a44    00000048     CC3220SF_LAUNCHXL.obj (.const:uartCC3220SHWAttrs)
                  01007a8c    00000044     release_pem4.oem4 (.const:ti_sysbios_knl_Task_Object__PARAMS__C)
                  01007ad0    00000040     CC3220SF_LAUNCHXL.obj (.const:PowerCC32XX_config)
                  01007b10    00000030     release_pem4.oem4 (.const:ti_sysbios_family_arm_m3_Hwi_Object__PARAMS__C)
                  01007b40    00000028     drivers_cc32xx.aem4 : UARTCC32XX.oem4 (.const:UARTCC32XX_fxnTable)
                  01007b68    00000028     release_pem4.oem4 (.const:ti_sysbios_heaps_HeapMem_Module__FXNS__C)
                  01007b90    00000024     drivers_cc32xx.aem4 : UART.oem4 (.const:UART_defaultParams)
                  01007bb4    00000024     release_pem4.oem4 (.const:ti_sysbios_gates_GateHwi_Module__FXNS__C)
                  01007bd8    00000024     release_pem4.oem4 (.const:ti_sysbios_gates_GateMutex_Module__FXNS__C)
                  01007bfc    00000024     release_pem4.oem4 (.const:ti_sysbios_heaps_HeapMem_Object__PARAMS__C)
                  01007c20    00000024     release_pem4.oem4 (.const:ti_sysbios_knl_Clock_Object__PARAMS__C)
                  01007c44    00000024     release_pem4.oem4 (.const:ti_sysbios_knl_Semaphore_Object__PARAMS__C)
                  01007c68    00000021     drivers_cc32xx.aem4 : GPIOCC32XX.oem4 (.const:.string:pinTable)
                  01007c89    00000001     display.aem4 : Display.oem4 (.const:Display_defaultParams)
                  01007c8a    00000002     release_pem4.oem4 (.const:ti_sysbios_family_arm_m3_Hwi_Module__id__C)
                  01007c8c    00000020     display.aem4 : DisplayUart.oem4 (.const:DisplayUartMin_fxnTable)
                  01007cac    00000020     drivers_cc32xx.aem4 : PWMTimerCC32XX.oem4 (.const:PWMTimerCC32XX_fxnTable)
                  01007ccc    00000020                         : PWMTimerCC32XX.oem4 (.const:gpioPinIndexes)
                  01007cec    00000020                         : UARTCC32XX.oem4 (.const:staticFxnTable)
                  01007d0c    00000020     release_pem4.oem4 (.const:ti_sysbios_family_arm_m3_Hwi_Object__DESC__C)
                  01007d2c    00000020     release_pem4.oem4 (.const:ti_sysbios_gates_GateHwi_Object__DESC__C)
                  01007d4c    00000020     release_pem4.oem4 (.const:ti_sysbios_gates_GateMutex_Object__DESC__C)
                  01007d6c    00000020     release_pem4.oem4 (.const:ti_sysbios_heaps_HeapMem_Object__DESC__C)
                  01007d8c    00000020     release_pem4.oem4 (.const:ti_sysbios_knl_Clock_Object__DESC__C)
                  01007dac    00000020     release_pem4.oem4 (.const:ti_sysbios_knl_Queue_Object__DESC__C)
                  01007dcc    00000020     release_pem4.oem4 (.const:ti_sysbios_knl_Semaphore_Object__DESC__C)
                  01007dec    00000020     release_pem4.oem4 (.const:ti_sysbios_knl_Task_Object__DESC__C)
                  01007e0c    00000020     release_pem4.oem4 (.const:xdc_runtime_Startup_sfxnTab__A)
                  01007e2c    00000018     drivers_cc32xx.aem4 : ADCCC32XX.oem4 (.const:ADCCC32XX_fxnTable)
                  01007e44    00000018     CC3220SF_LAUNCHXL.obj (.const:ADC_config)
                  01007e5c    00000018     CC3220SF_LAUNCHXL.obj (.const:PWM_config)
                  01007e74    00000018     drivers_cc32xx.aem4 : PWM.oem4 (.const:PWM_defaultParams)
                  01007e8c    00000018     CC3220SF_LAUNCHXL.obj (.const:UART_config)
                  01007ea4    00000018     release_pem4.oem4 (.const:ti_sysbios_gates_GateHwi_Object__PARAMS__C)
                  01007ebc    00000018     release_pem4.oem4 (.const:ti_sysbios_gates_GateMutex_Object__PARAMS__C)
                  01007ed4    00000018     release_pem4.oem4 (.const:ti_sysbios_knl_Queue_Object__PARAMS__C)
                  01007eec    00000018     release_pem4.oem4 (.const:ti_sysbios_knl_Task_hooks__A)
                  01007f04    00000014     CC3220SF_LAUNCHXL.obj (.const:GPIOCC32XX_config)
                  01007f18    00000014     CC3220SF_LAUNCHXL.obj (.const:displayUartHWAttrs)
                  01007f2c    00000014     drivers_cc32xx.aem4 : GPIOCC32XX.oem4 (.const:gpioBaseAddresses)
                  01007f40    00000014                         : UARTCC32XX.oem4 (.const:parityType)
                  01007f54    00000014                         : GPIOCC32XX.oem4 (.const:powerResources)
                  01007f68    00000010                         : UARTCC32XX.oem4 (.const:dataLength)
                  01007f78    00000010                         : PWMTimerCC32XX.oem4 (.const:gpioBaseAddresses)
                  01007f88    00000010                         : PWMTimerCC32XX.oem4 (.const:timerBaseAddresses)
                  01007f98    00000010     release_pem4.oem4 (.const:xdc_runtime_Startup_sfxnRts__A)
                  01007fa8    0000000d     CC3220SF_LAUNCHXL.obj (.const)
                  01007fb5    00000001     release_pem4.oem4 (.const:ti_sysbios_knl_Clock_tickMode__C)
                  01007fb6    00000002     release_pem4.oem4 (.const:ti_sysbios_family_arm_m3_Timer_Module__id__C)
                  01007fb8    0000000c     CC3220SF_LAUNCHXL.obj (.const:Display_config)
                  01007fc4    0000000c     release_pem4.oem4 (.const:xdc_runtime_Startup_firstFxns__A)
                  01007fd0    00000008     drivers_cc32xx.aem4 : ADC.oem4 (.const:ADC_defaultParams)
                  01007fd8    00000008     CC3220SF_LAUNCHXL.obj (.const:adcCC3220SHWAttrs)
                  01007fe0    00000008     drivers_cc32xx.aem4 : GPIOCC32XX.oem4 (.const:outPinTypes)
                  01007fe8    00000008     CC3220SF_LAUNCHXL.obj (.const:pwmTimerCC3220SHWAttrs)
                  01007ff0    00000008     drivers_cc32xx.aem4 : UARTCC32XX.oem4 (.const:stopBits)
                  01007ff8    00000008     release_pem4.oem4 (.const:ti_sysbios_knl_Idle_funcList__A)
                  01008000    00000008     release_pem4.oem4 (.const:ti_sysbios_knl_Idle_funcList__C)
                  01008008    00000008     release_pem4.oem4 (.const:ti_sysbios_knl_Task_hooks__C)
                  01008010    00000008     drivers_cc32xx.aem4 : PWMTimerCC32XX.oem4 (.const:timerHalves)
                  01008018    00000008     release_pem4.oem4 (.const:xdc_runtime_Startup_firstFxns__C)
                  01008020    00000008     release_pem4.oem4 (.const:xdc_runtime_Startup_lastFxns__C)
                  01008028    00000006     drivers_cc32xx.aem4 : GPIOCC32XX.oem4 (.const:.string:interruptType)
                  0100802e    00000006                         : GPIOCC32XX.oem4 (.const:inPinTypes)
                  01008034    00000006                         : GPIOCC32XX.oem4 (.const:outPinStrengths)
                  0100803a    00000004                         : GPIOCC32XX.oem4 (.const:.string:portInterruptIds)
                  0100803e    00000002     release_pem4.oem4 (.const:ti_sysbios_heaps_HeapMem_Module__id__C)
                  01008040    00000004     release_pem4.oem4 (.const:ti_sysbios_family_arm_m3_Hwi_E_alreadyDefined__C)
                  01008044    00000004     release_pem4.oem4 (.const:ti_sysbios_family_arm_m3_Hwi_NUM_INTERRUPTS__C)
                  01008048    00000004     release_pem4.oem4 (.const:ti_sysbios_family_arm_m3_Hwi_Object__count__C)
                  0100804c    00000004     release_pem4.oem4 (.const:ti_sysbios_family_arm_m3_Hwi_ccr__C)
                  01008050    00000004     release_pem4.oem4 (.const:ti_sysbios_family_arm_m3_Hwi_excHandlerFunc__C)
                  01008054    00000004     release_pem4.oem4 (.const:ti_sysbios_family_arm_m3_Hwi_nullIsrFunc__C)
                  01008058    00000004     release_pem4.oem4 (.const:ti_sysbios_family_arm_m3_Hwi_priGroup__C)
                  0100805c    00000004     release_pem4.oem4 (.const:ti_sysbios_family_arm_m3_Hwi_swiDisable__C)
                  01008060    00000004     release_pem4.oem4 (.const:ti_sysbios_family_arm_m3_Hwi_swiRestoreHwi__C)
                  01008064    00000004     release_pem4.oem4 (.const:ti_sysbios_family_arm_m3_TaskSupport_stackAlignment__C)
                  01008068    00000004     release_pem4.oem4 (.const:ti_sysbios_family_arm_m3_Timer_E_cannotSupport__C)
                  0100806c    00000004     release_pem4.oem4 (.const:ti_sysbios_family_arm_m3_Timer_startupNeeded__C)
                  01008070    00000004     release_pem4.oem4 (.const:ti_sysbios_gates_GateMutex_Instance_State_sem__O)
                  01008074    00000004     release_pem4.oem4 (.const:ti_sysbios_heaps_HeapMem_E_memory__C)
                  01008078    00000004     release_pem4.oem4 (.const:ti_sysbios_heaps_HeapMem_Module__gateObj__C)
                  0100807c    00000004     release_pem4.oem4 (.const:ti_sysbios_heaps_HeapMem_Object__count__C)
                  01008080    00000004     release_pem4.oem4 (.const:ti_sysbios_heaps_HeapMem_primaryHeapBaseAddr__C)
                  01008084    00000004     release_pem4.oem4 (.const:ti_sysbios_heaps_HeapMem_primaryHeapEndAddr__C)
                  01008088    00000004     release_pem4.oem4 (.const:ti_sysbios_heaps_HeapMem_reqAlign__C)
                  0100808c    00000004     release_pem4.oem4 (.const:ti_sysbios_knl_Clock_Module_State_clockQ__O)
                  01008090    00000004     release_pem4.oem4 (.const:ti_sysbios_knl_Clock_tickPeriod__C)
                  01008094    00000004     release_pem4.oem4 (.const:ti_sysbios_knl_Mailbox_Instance_State_freeQue__O)
                  01008098    00000004     release_pem4.oem4 (.const:ti_sysbios_knl_Mailbox_Object__count__C)
                  0100809c    00000004     release_pem4.oem4 (.const:ti_sysbios_knl_Mailbox_maxTypeAlign__C)
                  010080a0    00000004     release_pem4.oem4 (.const:ti_sysbios_knl_Semaphore_Instance_State_pendQ__O)
                  010080a4    00000004     release_pem4.oem4 (.const:ti_sysbios_knl_Swi_Object__count__C)
                  010080a8    00000004     release_pem4.oem4 (.const:ti_sysbios_knl_Task_Module_State_inactiveQ__O)
                  010080ac    00000004     release_pem4.oem4 (.const:ti_sysbios_knl_Task_Object__count__C)
                  010080b0    00000004     release_pem4.oem4 (.const:ti_sysbios_knl_Task_Object__heap__C)
                  010080b4    00000004     release_pem4.oem4 (.const:ti_sysbios_knl_Task_allBlockedFunc__C)
                  010080b8    00000004     release_pem4.oem4 (.const:ti_sysbios_knl_Task_defaultStackHeap__C)
                  010080bc    00000004     release_pem4.oem4 (.const:ti_sysbios_knl_Task_defaultStackSize__C)
                  010080c0    00000004     release_pem4.oem4 (.const:ti_sysbios_knl_Task_numConstructedTasks__C)
                  010080c4    00000004     release_pem4.oem4 (.const:xdc_runtime_Error_E_memory__C)
                  010080c8    00000004     release_pem4.oem4 (.const:xdc_runtime_Error_policyFxn__C)
                  010080cc    00000004     release_pem4.oem4 (.const:xdc_runtime_IGateProvider_Interface__BASE__C)
                  010080d0    00000004     release_pem4.oem4 (.const:xdc_runtime_IHeap_Interface__BASE__C)
                  010080d4    00000004     release_pem4.oem4 (.const:xdc_runtime_IModule_Interface__BASE__C)
                  010080d8    00000004     release_pem4.oem4 (.const:xdc_runtime_Memory_defaultHeapInstance__C)
                  010080dc    00000004     release_pem4.oem4 (.const:xdc_runtime_Startup_execImpl__C)
                  010080e0    00000004     release_pem4.oem4 (.const:xdc_runtime_Startup_maxPasses__C)
                  010080e4    00000004     release_pem4.oem4 (.const:xdc_runtime_Startup_sfxnRts__C)
                  010080e8    00000004     release_pem4.oem4 (.const:xdc_runtime_Startup_sfxnTab__C)
                  010080ec    00000004     release_pem4.oem4 (.const:xdc_runtime_SysCallback_abortFxn__C)
                  010080f0    00000004     release_pem4.oem4 (.const:xdc_runtime_SysCallback_exitFxn__C)
                  010080f4    00000004     release_pem4.oem4 (.const:xdc_runtime_SysCallback_putchFxn__C)
                  010080f8    00000004     release_pem4.oem4 (.const:xdc_runtime_SysCallback_readyFxn__C)
                  010080fc    00000004     release_pem4.oem4 (.const:xdc_runtime_System_Module__gateObj__C)
                  01008100    00000004     release_pem4.oem4 (.const:xdc_runtime_System_abortFxn__C)
                  01008104    00000004     release_pem4.oem4 (.const:xdc_runtime_System_exitFxn__C)
                  01008108    00000004     release_pem4.oem4 (.const:xdc_runtime_System_extendFxn__C)
                  0100810c    00000004     release_pem4.oem4 (.const:xdc_runtime_System_maxAtexitHandlers__C)
                  01008110    00000004     release_pem4.oem4 (.const:xdc_runtime_Text_charTab__C)
                  01008114    00000004     release_pem4.oem4 (.const:xdc_runtime_Text_nameEmpty__C)
                  01008118    00000004     release_pem4.oem4 (.const:xdc_runtime_Text_nameStatic__C)
                  0100811c    00000004     release_pem4.oem4 (.const:xdc_runtime_Text_nameUnknown__C)
                  01008120    00000002     release_pem4.oem4 (.const:xdc_runtime_Memory_Module__id__C)
                  01008122    00000002     release_pem4.oem4 (.const:xdc_runtime_Text_charCnt__C)
                  01008124    00000002     release_pem4.oem4 (.const:xdc_runtime_Text_isLoaded__C)
                  01008126    00000001     release_pem4.oem4 (.const:ti_sysbios_knl_Clock_tickSource__C)
                  01008127    00000001     release_pem4.oem4 (.const:xdc_runtime_Error_policy__C)
                  01008128    00000001     release_pem4.oem4 (.const:xdc_runtime_Text_charTab__A)

.cinit     0    01008130    00000280     
                  01008130    00000257     (.cinit..data.load) [load image, compression = lzss]
                  01008387    00000001     --HOLE-- [fill = 0]
                  01008388    0000000c     (__TI_handler_table)
                  01008394    00000004     --HOLE-- [fill = 0]
                  01008398    00000008     (.cinit..bss.load) [load image, compression = zero_init]
                  010083a0    00000010     (__TI_cinit_table)

.init_array 
*          0    01000800    00000000     UNINITIALIZED

.bss       0    20008310    00000c27     UNINITIALIZED
                  20008310    00000400     CC3220SF_LAUNCHXL.obj (.bss:displayBuf)
                  20008710    0000030c     (.common:ti_sysbios_family_arm_m3_Hwi_dispatchTable)
                  20008a1c    00000004     adcReadWrite.obj (.bss)
                  20008a20    00000200     release_pem4.oem4 (.bss:taskStackSection)
                  20008c20    0000012c     (.common:PowerCC32XX_contextSave)
                  20008d4c    00000108     (.common:uartCC3220SObjects)
                  20008e54    00000048     (.common:pwmTimerCC3220SObjects)
                  20008e9c    00000040     (.common:uartCC3220SRingBuffer)
                  20008edc    00000020     drivers_cc32xx.aem4 : GPIOCC32XX.oem4 (.bss:gpioCallbackInfo)
                  20008efc    00000014                         : GPIOCC32XX.oem4 (.bss:powerNotifyObj)
                  20008f10    0000000c     (.common:displayUartObject)
                  20008f1c    00000004                         : GPIOCC32XX.oem4 (.bss)
                  20008f20    00000004                         : TimerCC32XX.oem4 (.bss:timerState)
                  20008f24    00000004     (.common:ClockP_tickPeriod)
                  20008f28    00000004     (.common:adcCC3220SObjects)
                  20008f2c    00000004     (.common:adcValue0MicroVolt)
                  20008f30    00000004     (.common:ti_sysbios_knl_Task_Instance_State_0_hookEnv__A)
                  20008f34    00000002     (.common:adcValue0)
                  20008f36    00000001     (.common:calibrate)

.data      0    20008f38    0000070a     UNINITIALIZED
                  20008f38    0000016c     drivers_cc32xx.aem4 : PowerCC32XX.oem4 (.data:PowerCC32XX_module)
                  200090a4    000000f8     CC3220SF_LAUNCHXL.obj (.data:parkInfo)
                  2000919c    00000088     sysbios.aem4 : BIOS.obj (.data:$O1$$)
                  20009224    00000080     release_pem4.oem4 (.data:ti_sysbios_knl_Swi_Module_State_0_readyQ__A)
                  200092a4    00000080     release_pem4.oem4 (.data:ti_sysbios_knl_Task_Module_State_0_readyQ__A)
                  20009324    0000005c     release_pem4.oem4 (.data:ti_sysbios_knl_Task_Object__table__V)
                  20009380    00000054     release_pem4.oem4 (.data:ti_sysbios_gates_GateMutex_Object__table__V)
                  200093d4    00000048     release_pem4.oem4 (.data:ti_sysbios_knl_Task_Module__state__V)
                  2000941c    00000034     release_pem4.oem4 (.data:ti_sysbios_family_arm_m3_Hwi_Module__state__V)
                  20009450    00000030     release_pem4.oem4 (.data:ti_sysbios_family_arm_m3_Timer_Object__table__V)
                  20009480    00000030     release_pem4.oem4 (.data:ti_sysbios_knl_Swi_Object__table__V)
                  200094b0    0000002c     release_pem4.oem4 (.data:ti_sysbios_knl_Clock_Module__state__V)
                  200094dc    00000024     CC3220SF_LAUNCHXL.obj (.data:gpioPinConfigs)
                  20009500    00000024     release_pem4.oem4 (.data:ti_sysbios_BIOS_Module__state__V)
                  20009524    00000020     release_pem4.oem4 (.data:xdc_runtime_Error_IgnoreBlock)
                  20009544    0000001c     release_pem4.oem4 (.data:ti_sysbios_knl_Swi_Module__state__V)
                  20009560    00000018     release_pem4.oem4 (.data:ti_sysbios_family_arm_m3_Hwi_Object__table__V)
                  20009578    00000018     release_pem4.oem4 (.data:ti_sysbios_heaps_HeapMem_Object__table__V)
                  20009590    00000014     CC3220SF_LAUNCHXL.obj (.data:gpioCallbackFunctions)
                  200095a4    0000000c     release_pem4.oem4 (.data:ti_sysbios_family_arm_m3_Timer_Module__state__V)
                  200095b0    00000009     drivers_cc32xx.aem4 : GPIOCC32XX.oem4 (.data)
                  200095b9    00000001                         : ADC.oem4 (.data)
                  200095ba    00000002     release_pem4.oem4 (.data:ti_sysbios_family_arm_m3_Hwi_Module_State_0_excActive__A)
                  200095bc    00000008     rtsv7M4_T_le_eabi.lib : _lock.c.obj (.data:$O1$$)
                  200095c4    00000008     drivers_cc32xx.aem4 : ADCCC32XX.oem4 (.data:state)
                  200095cc    00000008     release_pem4.oem4 (.data:ti_sysbios_family_arm_m3_Hwi_Module__root__V)
                  200095d4    00000008     release_pem4.oem4 (.data:ti_sysbios_gates_GateHwi_Module__root__V)
                  200095dc    00000008     release_pem4.oem4 (.data:ti_sysbios_gates_GateMutex_Module__root__V)
                  200095e4    00000008     release_pem4.oem4 (.data:ti_sysbios_heaps_HeapMem_Module__root__V)
                  200095ec    00000008     release_pem4.oem4 (.data:ti_sysbios_knl_Clock_Module__root__V)
                  200095f4    00000008     release_pem4.oem4 (.data:ti_sysbios_knl_Queue_Module__root__V)
                  200095fc    00000008     release_pem4.oem4 (.data:ti_sysbios_knl_Semaphore_Module__root__V)
                  20009604    00000008     release_pem4.oem4 (.data:ti_sysbios_knl_Task_Module__root__V)
                  2000960c    00000008     release_pem4.oem4 (.data:xdc_runtime_Startup_Module__state__V)
                  20009614    00000008     release_pem4.oem4 (.data:xdc_runtime_System_Module_State_0_atexitHandlers__A)
                  2000961c    00000008     release_pem4.oem4 (.data:xdc_runtime_System_Module__state__V)
                  20009624    00000004     rtsv7M4_T_le_eabi.lib : stkdepth_vars.c.obj (.data)
                  20009628    00000004     release_pem4.oem4 (.data:ti_sysbios_family_arm_m3_Hwi_Module_State_0_excContext__A)
                  2000962c    00000004     release_pem4.oem4 (.data:ti_sysbios_family_arm_m3_Hwi_Module_State_0_excStack__A)
                  20009630    00000004     release_pem4.oem4 (.data:ti_sysbios_gates_GateHwi_Object__table__V)
                  20009634    00000004     release_pem4.oem4 (.data:ti_sysbios_knl_Task_Module_State_0_idleTask__A)
                  20009638    00000004     release_pem4.oem4 (.data:ti_sysbios_rts_ti_ReentSupport_Module__state__V)
                  2000963c    00000004     release_pem4.oem4 (.data:xdc_runtime_Memory_Module__state__V)
                  20009640    00000001     drivers_cc32xx.aem4 : PWM.oem4 (.data)
                  20009641    00000001                         : UART.oem4 (.data)

.priheap   0    20000310    00008000     UNINITIALIZED
                  20000310    00008000     --HOLE--

.stack     0    2003fc00    00000400     UNINITIALIZED
                  2003fc00    00000400     --HOLE--

.bootVecs 
*          0    00000000    00000008     DSECT
                  00000000    00000008     boot.aem4 : boot.oem4 (.bootVecs)

.resetVecs 
*          0    01000800    0000003c     
                  01000800    0000003c     release_pem4.oem4 (.resetVecs)

.vecs      0    20000000    0000030c     NOLOAD SECTION
                  20000000    0000030c     release_pem4.oem4 (.vecs)

xdc.meta   0    00000000    000000f8     COPY SECTION
                  00000000    000000f8     release_pem4.oem4 (xdc.meta)

xdc.noload 
*          0    00000000    00000000     COPY SECTION

.binit     0    01000000    00000000     

MODULE SUMMARY

       Module                       code    ro data   rw data
       ------                       ----    -------   -------
    .\
       CC3220SF_LAUNCHXL.obj        12      289       1744   
       adcReadWrite.obj             752     0         11     
       main_tirtos.obj              104     0         0      
    +--+----------------------------+-------+---------+---------+
       Total:                       868     289       1755   
                                                             
    C:\TICC3220SF\tirtos_builds_CC3220SF_LAUNCHXL_release_ccs\Debug\configPkg\package\cfg\
       release_pem4.oem4            1864    1176      3042   
    +--+----------------------------+-------+---------+---------+
       Total:                       1864    1176      3042   
                                                             
    C:/ti/simplelink_cc32xx_sdk_2_30_00_05/kernel/tirtos/packages/ti/dpl/lib/dpl_cc32xx.aem4
       PowerCC32XX_tirtos.oem4      444     0         0      
       SemaphoreP_tirtos.oem4       146     0         0      
       ClockP_tirtos.oem4           118     0         4      
       HwiP_tirtos.oem4             96      0         0      
       SystemP_tirtos.oem4          4       0         0      
    +--+----------------------------+-------+---------+---------+
       Total:                       808     0         4      
                                                             
    C:/ti/simplelink_cc32xx_sdk_2_30_00_05/source/ti/devices/cc32xx/driverlib/ccs/Release/driverlib.a
       prcm.obj                     1604    168       0      
       pin.obj                      280     256       0      
       flash.obj                    72      0         0      
       uart.obj                     48      0         0      
       utils.obj                    6       0         0      
    +--+----------------------------+-------+---------+---------+
       Total:                       2010    424       0      
                                                             
    C:/ti/simplelink_cc32xx_sdk_2_30_00_05/source/ti/display/lib/display.aem4
       DisplayUart.oem4             184     32        0      
       Display.oem4                 174     1         0      
    +--+----------------------------+-------+---------+---------+
       Total:                       358     33        0      
                                                             
    C:/ti/simplelink_cc32xx_sdk_2_30_00_05/source/ti/drivers/lib/drivers_cc32xx.aem4
       UARTCC32XX.oem4              3434    116       0      
       PowerCC32XX.oem4             2312    0         664    
       PWMTimerCC32XX.oem4          1412    104       0      
       GPIOCC32XX.oem4              1188    103       65     
       ADCCC32XX.oem4               418     24        8      
       UART.oem4                    182     36        1      
       RingBuf.oem4                 198     0         0      
       PWM.oem4                     168     24        1      
       TimerCC32XX.oem4             184     0         4      
       ADC.oem4                     158     8         1      
       PowerCC32XX_asm.oem4         150     0         0      
       List.oem4                    76      0         0      
    +--+----------------------------+-------+---------+---------+
       Total:                       9880    415       744    
                                                             
    C:\TICC3220SF\tirtos_builds_CC3220SF_LAUNCHXL_release_ccs\src\sysbios\sysbios.aem4
       BIOS.obj                     9677    0         136    
       m3_Hwi_asm.obj               266     0         0      
       m3_Hwi_asm_switch.obj        102     0         0      
       m3_TaskSupport_asm.obj       36      0         0      
    +--+----------------------------+-------+---------+---------+
       Total:                       10081   0         136    
                                                             
    C:\ti\ccsv8\tools\compiler\ti-cgt-arm_18.9.0.STS\lib\rtsv7M4_T_le_eabi.lib
       fd_add_t2.asm.obj            438     0         0      
       fd_div_t2.asm.obj            310     0         0      
       fd_cmp_t2.asm.obj            268     0         0      
       fd_mul_t2.asm.obj            252     0         0      
       memcpy_t2.asm.obj            156     0         0      
       ull_div_t2.asm.obj           150     0         0      
       memset_t2.asm.obj            122     0         0      
       copy_decompress_lzss.c.obj   104     0         0      
       cpy_tbl.c.obj                76      0         0      
       fd_toi_t2.asm.obj            72      0         0      
       fd_tou_t2.asm.obj            68      0         0      
       u_divt2.asm.obj              64      0         0      
       fs_tod_t2.asm.obj            56      0         0      
       i_tofd_t2.asm.obj            46      0         0      
       _lock.c.obj                  26      0         8      
       u_tofd_t2.asm.obj            32      0         0      
       args_main.c.obj              24      0         0      
       ll_mul_t2.asm.obj            24      0         0      
       strlen.c.obj                 20      0         0      
       copy_decompress_none.c.obj   14      0         0      
       copy_zero_init.c.obj         12      0         0      
       stkdepth_vars.c.obj          0       0         4      
       div0.asm.obj                 2       0         0      
    +--+----------------------------+-------+---------+---------+
       Total:                       2336    0         12     
                                                             
    C:\ti\simplelink_cc32xx_sdk_2_30_00_05\kernel\tirtos\packages\ti\targets\arm\rtsarm\lib\auto_init.aem4
       auto_init.oem4               160     0         0      
    +--+----------------------------+-------+---------+---------+
       Total:                       160     0         0      
                                                             
    C:\ti\simplelink_cc32xx_sdk_2_30_00_05\kernel\tirtos\packages\ti\targets\arm\rtsarm\lib\boot.aem4
       boot.oem4                    68      0         0      
    +--+----------------------------+-------+---------+---------+
       Total:                       68      0         0      
                                                             
       Stack:                       0       0         1024   
       Linker Generated:            0       635       0      
    +--+----------------------------+-------+---------+---------+
       Grand Total:                 28433   2972      6717   


LINKER GENERATED COPY TABLES

__TI_cinit_table @ 010083a0 records: 2, size/record: 8, table size: 16
	.data: load addr=01008130, load size=00000257 bytes, run addr=20008f38, run size=0000070a bytes, compression=lzss
	.bss: load addr=01008398, load size=00000008 bytes, run addr=20008310, run size=00000c27 bytes, compression=zero_init


LINKER GENERATED HANDLER TABLE

__TI_handler_table @ 01008388 records: 3, size/record: 4, table size: 12
	index: 0, handler: __TI_decompress_lzss
	index: 1, handler: __TI_decompress_none
	index: 2, handler: __TI_zero_init


GLOBAL SYMBOLS: SORTED ALPHABETICALLY BY Name 

address   name                                                            
-------   ----                                                            
010045b1  ADCCC32XX_close                                                 
01001c03  ADCCC32XX_control                                               
01004c69  ADCCC32XX_convert                                               
01006de5  ADCCC32XX_convertToMicroVolts                                   
01007e2c  ADCCC32XX_fxnTable                                              
01007753  ADCCC32XX_init                                                  
01003c01  ADCCC32XX_open                                                  
010076e5  ADC_Params_init                                                 
01007e44  ADC_config                                                      
010076ef  ADC_convert                                                     
010076f9  ADC_convertToMicroVolts                                         
01007fa8  ADC_count                                                       
01007fd0  ADC_defaultParams                                               
01005c4d  ADC_init                                                        
01006109  ADC_open                                                        
010075a7  CC3220SF_LAUNCHXL_initGeneral                                   
01007fa9  Capture_count                                                   
01007703  ClockP_Params_init                                              
01005461  ClockP_create                                                   
010075b3  ClockP_delete                                                   
01001f85  ClockP_getCpuFreq                                               
01007659  ClockP_getSystemTicks                                           
010021bd  ClockP_setTimeout                                               
[...]
01007615  ti_sysbios_hal_Hwi_HwiProxy_Params__init__S                     
01007621  ti_sysbios_family_arm_m3_Hwi_disableFxn__E                      
01007621  ti_sysbios_hal_Hwi_HwiProxy_disable__E                          
01007631  ti_sysbios_family_arm_m3_TaskSupport_getStackAlignment__E       
01007631  ti_sysbios_knl_Task_SupportProxy_getStackAlignment__E           
01007641  ti_sysbios_gates_GateHwi_enter__E                               
0100764d  ti_sysbios_knl_Clock_Params__init__S                            
01007659  ClockP_getSystemTicks                                           
01007659  ti_sysbios_knl_Clock_getTicks__E                                
01007669  ti_sysbios_knl_Clock_setTicks__E                                
01007679  ti_sysbios_knl_Clock_tickStart__E                               
01007689  ti_sysbios_knl_Clock_tickStop__E                                
01007695  ti_sysbios_knl_Queue_Object__get__S                             
010076a1  ti_sysbios_knl_Semaphore_Params__init__S                        
010076ad  ti_sysbios_knl_Task_Params__init__S                             
010076b9  ti_sysbios_knl_Task_self__E                                     
010076c9  ti_sysbios_rts_ti_ReentSupport_taskRegHook__I                   
010076d9  xdc_runtime_Startup_rtsDone__E                                  
010076e5  ADC_Params_init                                                 
010076ef  ADC_convert                                                     
010076f9  ADC_convertToMicroVolts                                         
01007703  ClockP_Params_init                                              
0100770d  PWM_setDuty                                                     
01007717  PWM_start                                                       
01007721  UART_close                                                      
0100772b  UART_control                                                    
01007735  UART_write                                                      
0100773f  xdc_runtime_Memory_HeapProxy_alloc__E                           
01007749  xdc_runtime_Memory_HeapProxy_free__E                            
01007753  ADCCC32XX_init                                                  
0100775b  SemaphoreP_Params_init                                          
01007763  PWMTimerCC32XX_control                                          
01007769  pthread_attr_setstacksize                                       
01007779  ti_sysbios_family_arm_m3_Hwi_doSwiRestore__I                    
01007781  ti_sysbios_family_arm_m3_Hwi_startup__E                         
01007781  ti_sysbios_hal_Hwi_HwiProxy_startup__E                          
01007781  ti_sysbios_hal_Hwi_startup__E                                   
01007791  UtilsDelay                                                      
01007799  ti_sysbios_family_arm_m3_Hwi_doTaskRestore__I                   
010077a1  HwiP_restore                                                    
010077a1  ti_sysbios_family_arm_m3_Hwi_restoreFxn__E                      
010077a1  ti_sysbios_hal_Hwi_HwiProxy_restore__E                          
010077a9  ti_sysbios_gates_GateHwi_leave__E                               
010077b1  ti_sysbios_heaps_HeapMem_isBlocking__E                          
010077b9  ti_sysbios_knl_Clock_stop__E                                    
010077c1  ti_sysbios_knl_Queue_Instance_init__E                           
010077c9  ti_sysbios_knl_Swi_startup__E                                   
010077d1  xdc_runtime_System_Module_startup__E                            
010077d9  ti_sysbios_family_arm_m3_Timer_getMaxTicks__E                   
010077e1  ti_sysbios_gates_GateHwi_query__E                               
010077e1  xdc_runtime_Main_Module_GateProxy_query__E                      
010077e1  xdc_runtime_System_Module_GateProxy_query__E                    
010077e9  ti_sysbios_BIOS_RtsGateProxy_query__E                           
010077e9  ti_sysbios_gates_GateMutex_query__E                             
010077e9  ti_sysbios_heaps_HeapMem_Module_GateProxy_query__E              
010077f1  ti_sysbios_knl_Clock_setTimeout__E                              
010077f9  ti_sysbios_knl_Task_startup__E                                  
01007801  xdc_runtime_SysCallback_defaultReady                            
01007809  ti_sysbios_BIOS_linkedWithIncorrectBootLibrary__E               
01007811  ti_sysbios_gates_GateHwi_Instance_init__E                       
01007819  ti_sysbios_knl_Clock_logTick__E                                 
01007821  xdc_runtime_SysCallback_defaultAbort                            
01007829  xdc_runtime_SysCallback_defaultExit                             
01007831  xdc_runtime_SysCallback_defaultPutch                            
01007839  xdc_runtime_System_abortSpin__E                                 
01007841  xdc_runtime_System_exitSpin__E                                  
01007a44  uartCC3220SHWAttrs                                              
01007a8c  ti_sysbios_knl_Task_Object__PARAMS__C                           
01007ad0  PowerCC32XX_config                                              
01007b10  ti_sysbios_family_arm_m3_Hwi_Object__PARAMS__C                  
01007b40  UARTCC32XX_fxnTable                                             
01007b68  ti_sysbios_heaps_HeapMem_Module__FXNS__C                        
01007b90  UART_defaultParams                                              
01007bb4  ti_sysbios_gates_GateHwi_Module__FXNS__C                        
01007bd8  ti_sysbios_gates_GateMutex_Module__FXNS__C                      
01007bfc  ti_sysbios_heaps_HeapMem_Object__PARAMS__C                      
01007c20  ti_sysbios_knl_Clock_Object__PARAMS__C                          
01007c44  ti_sysbios_knl_Semaphore_Object__PARAMS__C                      
01007c89  Display_defaultParams                                           
01007c8a  ti_sysbios_family_arm_m3_Hwi_Module__id__C                      
01007c8c  DisplayUartMin_fxnTable                                         
01007cac  PWMTimerCC32XX_fxnTable                                         
01007d0c  ti_sysbios_family_arm_m3_Hwi_Object__DESC__C                    
01007d2c  ti_sysbios_gates_GateHwi_Object__DESC__C                        
01007d4c  ti_sysbios_gates_GateMutex_Object__DESC__C                      
01007d6c  ti_sysbios_heaps_HeapMem_Object__DESC__C                        
01007d8c  ti_sysbios_knl_Clock_Object__DESC__C                            
01007dac  ti_sysbios_knl_Queue_Object__DESC__C                            
01007dcc  ti_sysbios_knl_Semaphore_Object__DESC__C                        
01007dec  ti_sysbios_knl_Task_Object__DESC__C                             
01007e0c  xdc_runtime_Startup_sfxnTab__A                                  
01007e2c  ADCCC32XX_fxnTable                                              
01007e44  ADC_config                                                      
01007e5c  PWM_config                                                      
01007e74  PWM_defaultParams                                               
01007e8c  UART_config                                                     
01007ea4  ti_sysbios_gates_GateHwi_Object__PARAMS__C                      
01007ebc  ti_sysbios_gates_GateMutex_Object__PARAMS__C                    
01007ed4  ti_sysbios_knl_Queue_Object__PARAMS__C                          
01007eec  ti_sysbios_knl_Task_hooks__A                                    
01007f04  GPIOCC32XX_config                                               
01007f18  displayUartHWAttrs                                              
01007f98  xdc_runtime_Startup_sfxnRts__A                                  
01007fa8  ADC_count                                                       
01007fa9  Capture_count                                                   
01007faa  CryptoCC32XX_count                                              
01007fab  Display_count                                                   
01007fac  I2C_count                                                       
01007fad  I2S_count                                                       
01007fae  PWM_count                                                       
01007faf  SDFatFS_count                                                   
01007fb0  SD_count                                                        
01007fb1  SPI_count                                                       
01007fb2  Timer_count                                                     
01007fb3  UART_count                                                      
01007fb4  Watchdog_count                                                  
01007fb5  ti_sysbios_knl_Clock_tickMode__C                                
01007fb6  ti_sysbios_family_arm_m3_Timer_Module__id__C                    
01007fb8  Display_config                                                  
01007fc4  xdc_runtime_Startup_firstFxns__A                                
01007fd0  ADC_defaultParams                                               
01007fd8  adcCC3220SHWAttrs                                               
01007fe0  outPinTypes                                                     
01007fe8  pwmTimerCC3220SHWAttrs                                          
01007ff8  ti_sysbios_knl_Idle_funcList__A                                 
01008000  ti_sysbios_knl_Idle_funcList__C                                 
01008008  ti_sysbios_knl_Task_hooks__C                                    
01008018  xdc_runtime_Startup_firstFxns__C                                
01008020  xdc_runtime_Startup_lastFxns__C                                 
0100802e  inPinTypes                                                      
01008034  outPinStrengths                                                 
0100803e  ti_sysbios_heaps_HeapMem_Module__id__C                          
01008040  ti_sysbios_family_arm_m3_Hwi_E_alreadyDefined__C                
01008044  ti_sysbios_family_arm_m3_Hwi_NUM_INTERRUPTS__C                  
01008048  ti_sysbios_family_arm_m3_Hwi_Object__count__C                   
0100804c  ti_sysbios_family_arm_m3_Hwi_ccr__C                             
01008050  ti_sysbios_family_arm_m3_Hwi_excHandlerFunc__C                  
01008054  ti_sysbios_family_arm_m3_Hwi_nullIsrFunc__C                     
01008058  ti_sysbios_family_arm_m3_Hwi_priGroup__C                        
0100805c  ti_sysbios_family_arm_m3_Hwi_swiDisable__C                      
01008060  ti_sysbios_family_arm_m3_Hwi_swiRestoreHwi__C                   
01008064  ti_sysbios_family_arm_m3_TaskSupport_stackAlignment__C          
01008068  ti_sysbios_family_arm_m3_Timer_E_cannotSupport__C               
0100806c  ti_sysbios_family_arm_m3_Timer_startupNeeded__C                 
01008070  ti_sysbios_gates_GateMutex_Instance_State_sem__O                
01008074  ti_sysbios_heaps_HeapMem_E_memory__C                            
01008078  ti_sysbios_heaps_HeapMem_Module__gateObj__C                     
0100807c  ti_sysbios_heaps_HeapMem_Object__count__C                       
01008080  ti_sysbios_heaps_HeapMem_primaryHeapBaseAddr__C                 
01008084  ti_sysbios_heaps_HeapMem_primaryHeapEndAddr__C                  
01008088  ti_sysbios_heaps_HeapMem_reqAlign__C                            
0100808c  ti_sysbios_knl_Clock_Module_State_clockQ__O                     
01008090  ti_sysbios_knl_Clock_tickPeriod__C                              
01008094  ti_sysbios_knl_Mailbox_Instance_State_freeQue__O                
01008098  ti_sysbios_knl_Mailbox_Object__count__C                         
0100809c  ti_sysbios_knl_Mailbox_maxTypeAlign__C                          
010080a0  ti_sysbios_knl_Semaphore_Instance_State_pendQ__O                
010080a4  ti_sysbios_knl_Swi_Object__count__C                             
010080a8  ti_sysbios_knl_Task_Module_State_inactiveQ__O                   
010080ac  ti_sysbios_knl_Task_Object__count__C                            
010080b0  ti_sysbios_knl_Task_Object__heap__C                             
010080b4  ti_sysbios_knl_Task_allBlockedFunc__C                           
010080b8  ti_sysbios_knl_Task_defaultStackHeap__C                         
010080bc  ti_sysbios_knl_Task_defaultStackSize__C                         
010080c0  ti_sysbios_knl_Task_numConstructedTasks__C                      
010080c4  xdc_runtime_Error_E_memory__C                                   
010080c8  xdc_runtime_Error_policyFxn__C                                  
010080cc  xdc_runtime_IGateProvider_Interface__BASE__C                    
010080d0  xdc_runtime_IHeap_Interface__BASE__C                            
010080d4  xdc_runtime_IModule_Interface__BASE__C                          
010080d8  xdc_runtime_Memory_defaultHeapInstance__C                       
010080dc  xdc_runtime_Startup_execImpl__C                                 
010080e0  xdc_runtime_Startup_maxPasses__C                                
010080e4  xdc_runtime_Startup_sfxnRts__C                                  
010080e8  xdc_runtime_Startup_sfxnTab__C                                  
010080ec  xdc_runtime_SysCallback_abortFxn__C                             
010080f0  xdc_runtime_SysCallback_exitFxn__C                              
010080f4  xdc_runtime_SysCallback_putchFxn__C                             
010080f8  xdc_runtime_SysCallback_readyFxn__C                             
010080fc  xdc_runtime_System_Module__gateObj__C                           
01008100  xdc_runtime_System_abortFxn__C                                  
01008104  xdc_runtime_System_exitFxn__C                                   
01008108  xdc_runtime_System_extendFxn__C                                 
0100810c  xdc_runtime_System_maxAtexitHandlers__C                         
01008110  xdc_runtime_Text_charTab__C                                     
01008114  xdc_runtime_Text_nameEmpty__C                                   
01008118  xdc_runtime_Text_nameStatic__C                                  
0100811c  xdc_runtime_Text_nameUnknown__C                                 
01008120  xdc_runtime_Memory_Module__id__C                                
01008122  xdc_runtime_Text_charCnt__C                                     
01008124  xdc_runtime_Text_isLoaded__C                                    
01008126  ti_sysbios_knl_Clock_tickSource__C                              
01008127  xdc_runtime_Error_policy__C                                     
01008128  xdc_runtime_Text_charTab__A                                     
01008130  __TI_static_base__                                              
01008388  __TI_Handler_Table_Base                                         
01008394  __TI_Handler_Table_Limit                                        
010083a0  __TI_CINIT_Base                                                 
010083b0  __TI_CINIT_Limit                                                
20000000  ti_sysbios_family_arm_m3_Hwi_ramVectors                         
20000310  __primary_heap_start__                                          
20008310  __primary_heap_end__                                            
20008710  ti_sysbios_family_arm_m3_Hwi_dispatchTable                      
20008a20  ti_sysbios_knl_Task_Instance_State_0_stack__A                   
20008c20  PowerCC32XX_contextSave                                         
20008d4c  uartCC3220SObjects                                              
20008e54  pwmTimerCC3220SObjects                                          
20008e9c  uartCC3220SRingBuffer                                           
20008f10  displayUartObject                                               
20008f24  ClockP_tickPeriod                                               
20008f28  adcCC3220SObjects                                               
20008f2c  adcValue0MicroVolt                                              
20008f30  ti_sysbios_knl_Task_Instance_State_0_hookEnv__A                 
20008f34  adcValue0                                                       
20008f36  calibrate                                                       
20008f38  PowerCC32XX_module                                              
200090a4  parkInfo                                                        
20009224  ti_sysbios_knl_Swi_Module_State_0_readyQ__A                     
200092a4  ti_sysbios_knl_Task_Module_State_0_readyQ__A                    
20009324  ti_sysbios_knl_Task_Object__table__V                            
20009380  ti_sysbios_gates_GateMutex_Object__table__V                     
200093d4  ti_sysbios_knl_Task_Module__state__V                            
2000941c  ti_sysbios_family_arm_m3_Hwi_Module__state__V                   
20009450  ti_sysbios_family_arm_m3_Timer_Object__table__V                 
20009480  ti_sysbios_knl_Swi_Object__table__V                             
200094b0  ti_sysbios_knl_Clock_Module__state__V                           
200094dc  gpioPinConfigs                                                  
20009500  ti_sysbios_BIOS_Module__state__V                                
20009524  xdc_runtime_Error_IgnoreBlock                                   
20009544  ti_sysbios_knl_Swi_Module__state__V                             
20009560  ti_sysbios_family_arm_m3_Hwi_Object__table__V                   
20009578  ti_sysbios_heaps_HeapMem_Object__table__V                       
20009590  gpioCallbackFunctions                                           
200095a4  ti_sysbios_family_arm_m3_Timer_Module__state__V                 
200095ba  ti_sysbios_family_arm_m3_Hwi_Module_State_0_excActive__A        
200095bc  _lock                                                           
200095c0  _unlock                                                         
200095cc  ti_sysbios_family_arm_m3_Hwi_Module__root__V                    
200095d4  ti_sysbios_gates_GateHwi_Module__root__V                        
200095dc  ti_sysbios_gates_GateMutex_Module__root__V                      
200095e4  ti_sysbios_heaps_HeapMem_Module__root__V                        
200095ec  ti_sysbios_knl_Clock_Module__root__V                            
200095f4  ti_sysbios_knl_Queue_Module__root__V                            
200095fc  ti_sysbios_knl_Semaphore_Module__root__V                        
20009604  ti_sysbios_knl_Task_Module__root__V                             
2000960c  xdc_runtime_Startup_Module__state__V                            
20009614  xdc_runtime_System_Module_State_0_atexitHandlers__A             
2000961c  xdc_runtime_System_Module__state__V                             
20009624  main_func_sp                                                    
20009628  ti_sysbios_family_arm_m3_Hwi_Module_State_0_excContext__A       
2000962c  ti_sysbios_family_arm_m3_Hwi_Module_State_0_excStack__A         
20009630  ti_sysbios_gates_GateHwi_Object__table__V                       
20009634  ti_sysbios_knl_Task_Module_State_0_idleTask__A                  
20009638  ti_sysbios_rts_ti_ReentSupport_Module__state__V                 
2000963c  xdc_runtime_Memory_Module__state__V                             
2003fc00  __stack                                                         
20040000  __STACK_END                                                     
e000e000  ti_sysbios_family_arm_m3_Hwi_nvic                               
ffffffff  __TI_pprof_out_hndl                                             
ffffffff  __TI_prof_data_size                                             
ffffffff  __TI_prof_data_start                                            
ffffffff  __binit__                                                       
ffffffff  __c_args__                                                      
ffffffff  binit                                                           
UNDEFED   SHT$$INIT_ARRAY$$Base                                           
UNDEFED   SHT$$INIT_ARRAY$$Limit                                          

[636 symbols]
