******************************************************************************
                  TI ARM Linker PC v18.9.0                     
******************************************************************************
>> Linked Fri Nov 30 12:35:14 2018

OUTPUT FILE NAME:   <adcsinglechannel_CC3220SF_LAUNCHXL_tirtos_ccs.out>
ENTRY POINT SYMBOL: "_c_int00"  address: 01005165


MEMORY CONFIGURATION

         name            origin    length      used     unused   attr    fill
----------------------  --------  ---------  --------  --------  ----  --------
  FLASH_HDR             01000000   000007ff  00000000  000007ff  R  X
  FLASH                 01000800   000ff800  00006c50  000f8bb0  R  X
  SRAM                  20000000   00040000  000099b2  0003664e  RW X


SEGMENT ALLOCATION MAP

run origin  load origin   length   init length attrs members
----------  ----------- ---------- ----------- ----- -------
01000800    01000800    00006c58   00006c58    r-x
  01000800    01000800    0000003c   0000003c    r-- .resetVecs
  01000840    01000840    00006202   00006202    r-x .text
  01006a44    01006a44    000007ca   000007ca    r-- .const
  01007210    01007210    00000248   00000248    r-- .cinit
20000310    20000310    00008000   00000000    r--
  20000310    20000310    00008000   00000000    r-- .priheap
20008310    20008310    000012a8   00000000    rw-
  20008310    20008310    00000bde   00000000    rw- .bss
  20008ef0    20008ef0    000006c8   00000000    rw- .data
2003fc00    2003fc00    00000400   00000000    rw-
  2003fc00    2003fc00    00000400   00000000    rw- .stack


SECTION ALLOCATION MAP

 output                                  attributes/
section   page    origin      length       input sections
--------  ----  ----------  ----------   ----------------
.text      0    01000840    00006202     
                  01000840    00000450     sysbios.aem4 : BIOS.obj (.text:xdc_runtime_System_doPrint__I)
                  01000c90    0000042c     driverlib.a : prcm.obj (.text:PRCMCC3200MCUInit)
                  010010bc    00000278     drivers_cc32xx.aem4 : UARTCC32XX.oem4 (.text:UARTCC32XX_open)
                  01001334    000001b6     rtsv7M4_T_le_eabi.lib : fd_add_t2.asm.obj (.text)
                  010014ea    00000002     display.aem4 : DisplayUart.oem4 (.text:DisplayUartMin_clear)
                  010014ec    00000184     adcsinglechannel.obj (.text:threadFxn1)
                  01001670    00000170     release_pem4.oem4 (.text:xdc_runtime_System_printfExtend__I)
                  010017e0    00000158     dpl_cc32xx.aem4 : PowerCC32XX_tirtos.oem4 (.text:PowerCC32XX_sleepPolicy)
                  01001938    00000150     drivers_cc32xx.aem4 : PowerCC32XX.oem4 (.text:parkPins)
                  01001a88    00000130     sysbios.aem4 : BIOS.obj (.text:ti_sysbios_knl_Semaphore_pend__E)
                  01001bb8    00000124     adcsinglechannel.obj (.text:threadFxn0)
                  01001cdc    00000120     drivers_cc32xx.aem4 : UARTCC32XX.oem4 (.text:UARTCC32XX_close)
                  01001dfc    00000004     dpl_cc32xx.aem4 : ClockP_tirtos.oem4 (.text:ClockP_getCpuFreq)
                  01001e00    0000011c     sysbios.aem4 : BIOS.obj (.text:xdc_runtime_Startup_startMods__I)
                  01001f1c    00000118     drivers_cc32xx.aem4 : PowerCC32XX.oem4 (.text:Power_sleep)
                  01002034    00000004     dpl_cc32xx.aem4 : ClockP_tirtos.oem4 (.text:ClockP_setTimeout)
                  01002038    00000110     sysbios.aem4 : BIOS.obj (.text:ti_sysbios_knl_Task_postInit__I)
                  01002148    00000104                  : BIOS.obj (.text:ti_sysbios_knl_Task_Instance_finalize__E)
                  0100224c    000000fc     rtsv7M4_T_le_eabi.lib : fd_mul_t2.asm.obj (.text)
                  01002348    000000fc     sysbios.aem4 : BIOS.obj (.text:ti_sysbios_knl_Task_Instance_init__E)
                  01002444    000000f2     drivers_cc32xx.aem4 : UARTCC32XX.oem4 (.text:UARTCC32XX_control)
                  01002536    00000002     display.aem4 : DisplayUart.oem4 (.text:DisplayUartMin_clearLines)
                  01002538    000000ec     sysbios.aem4 : BIOS.obj (.text:pthread_create)
                  01002624    000000d4     adcsinglechannel.obj (.text:mainThread)
                  010026f8    000000d0     sysbios.aem4 : m3_Hwi_asm.obj (.text:ti_sysbios_family_arm_m3_Hwi_dispatch__I)
                  010027c8    000000d0                  : BIOS.obj (.text:ti_sysbios_heaps_HeapMem_alloc__E)
                  01002898    000000c2     drivers_cc32xx.aem4 : UARTCC32XX.oem4 (.text:UARTCC32XX_write)
                  0100295a    00000006                         : ADCCC32XX.oem4 (.text:ADCCC32XX_control)
                  01002960    000000bc     sysbios.aem4 : BIOS.obj (.text:xdc_runtime_Core_createObject__I)
                  01002a1c    000000ba     drivers_cc32xx.aem4 : UARTCC32XX.oem4 (.text:UARTCC32XX_readPolling)
                  01002ad6    00000002     display.aem4 : DisplayUart.oem4 (.text:DisplayUartMin_init)
                  01002ad8    000000b8     drivers_cc32xx.aem4 : UARTCC32XX.oem4 (.text:initHw)
                  01002b90    000000b6                         : UARTCC32XX.oem4 (.text:readTaskCallback)
                  01002c46    00000002                         : UARTCC32XX.oem4 (.text:UARTCC32XX_init)
                  01002c48    000000b4                         : PowerCC32XX.oem4 (.text:restoreParkedPins)
                  01002cfc    000000ae                         : UARTCC32XX.oem4 (.text:readIsrTextBlocking)
                  01002daa    00000002     rtsv7M4_T_le_eabi.lib : _lock.c.obj (.text:_nop)
                  01002dac    000000a8     drivers_cc32xx.aem4 : PowerCC32XX.oem4 (.text:PowerCC32XX_configureWakeup)
                  01002e54    000000a8                         : UARTCC32XX.oem4 (.text:readTaskBlocking)
                  01002efc    00000004     dpl_cc32xx.aem4 : ClockP_tirtos.oem4 (.text:ClockP_start)
                  01002f00    000000a4     sysbios.aem4 : BIOS.obj (.text:ti_sysbios_knl_Task_setPri__E)
                  01002fa4    000000a2     drivers_cc32xx.aem4 : UARTCC32XX.oem4 (.text:readIsrTextCallback)
                  01003046    000000a2                         : UARTCC32XX.oem4 (.text:writeData)
                  010030e8    000000a0     auto_init.aem4 : auto_init.oem4 (.text)
                  01003188    0000009c     sysbios.aem4 : BIOS.obj (.text:_pthread_removeThreadKeys)
                  01003224    0000009c     rtsv7M4_T_le_eabi.lib : memcpy_t2.asm.obj (.text)
                  010032c0    00000098     sysbios.aem4 : BIOS.obj (.text:ti_sysbios_family_arm_m3_Hwi_Instance_init__E)
                  01003358    00000096     rtsv7M4_T_le_eabi.lib : ull_div_t2.asm.obj (.text)
                  010033ee    00000002                           : div0.asm.obj (.text)
                  010033f0    00000094     drivers_cc32xx.aem4 : ADCCC32XX.oem4 (.text:ADCCC32XX_open)
                  01003484    00000004     dpl_cc32xx.aem4 : ClockP_tirtos.oem4 (.text:ClockP_stop)
                  01003488    00000094     sysbios.aem4 : BIOS.obj (.text:ti_sysbios_knl_Task_exit__E)
                  0100351c    00000090     drivers_cc32xx.aem4 : PowerCC32XX.oem4 (.text:restoreNVICRegs)
                  010035ac    00000004     dpl_cc32xx.aem4 : HwiP_tirtos.oem4 (.text:HwiP_disable)
                  010035b0    00000090     sysbios.aem4 : BIOS.obj (.text:ti_sysbios_knl_Task_Module_startup__E)
                  01003640    0000008c                  : BIOS.obj (.text:xdc_runtime_Memory_alloc__E)
                  010036cc    00000004     dpl_cc32xx.aem4 : SemaphoreP_tirtos.oem4 (.text:SemaphoreP_post)
                  010036d0    00000088     sysbios.aem4 : BIOS.obj (.text:ti_sysbios_family_arm_m3_Hwi_initNVIC__E)
                  01003758    00000088                  : BIOS.obj (.text:ti_sysbios_family_arm_m3_TaskSupport_start__E)
                  010037e0    00000086     rtsv7M4_T_le_eabi.lib : fd_cmp_t2.asm.obj (.text:__aeabi_cdcmple)
                  01003866    00000086                           : fd_cmp_t2.asm.obj (.text:__aeabi_cdrcmple)
                  010038ec    00000004     dpl_cc32xx.aem4 : SystemP_tirtos.oem4 (.text:SystemP_vsnprintf)
                  010038f0    00000086     sysbios.aem4 : BIOS.obj (.text:xdc_runtime_Core_constructObject__I)
                  01003976    00000002     release_pem4.oem4 (.text:ti_sysbios_BIOS_nullFunc__I)
                  01003978    00000084     drivers_cc32xx.aem4 : PowerCC32XX.oem4 (.text:Power_init)
                  010039fc    00000084                         : PowerCC32XX.oem4 (.text:saveNVICRegs)
                  01003a80    00000084     sysbios.aem4 : BIOS.obj (.text:ti_sysbios_family_arm_m3_Hwi_postInit__I)
                  01003b04    00000004     release_pem4.oem4 (.text:ti_sysbios_BIOS_RtsGateProxy_enter__E)
                  01003b08    00000084     sysbios.aem4 : BIOS.obj (.text:ti_sysbios_heaps_HeapMem_free__E)
                  01003b8c    00000080     drivers_cc32xx.aem4 : PowerCC32XX.oem4 (.text:Power_setDependency)
                  01003c0c    00000004     release_pem4.oem4 (.text:ti_sysbios_BIOS_RtsGateProxy_leave__E)
                  01003c10    00000080     sysbios.aem4 : BIOS.obj (.text:ti_sysbios_knl_Clock_workFunc__E)
                  01003c90    0000007c     drivers_cc32xx.aem4 : ADCCC32XX.oem4 (.text:ADCCC32XX_close)
                  01003d0c    0000007c                         : UARTCC32XX.oem4 (.text:readIsrBinaryBlocking)
                  01003d88    0000007a     rtsv7M4_T_le_eabi.lib : memset_t2.asm.obj (.text)
                  01003e02    00000078     drivers_cc32xx.aem4 : UARTCC32XX.oem4 (.text:readIsrBinaryCallback)
                  01003e7a    00000006     display.aem4 : DisplayUart.oem4 (.text:DisplayUartMin_control)
                  01003e80    00000075     sysbios.aem4 : BIOS.obj (.text:xdc_runtime_System_formatNum__I)
                  01003ef5    00000001     --HOLE-- [fill = 0]
                  01003ef6    00000074     drivers_cc32xx.aem4 : UARTCC32XX.oem4 (.text:UARTCC32XX_hwiIntFxn)
                  01003f6a    00000006     display.aem4 : DisplayUart.oem4 (.text:DisplayUartMin_getType)
                  01003f70    00000074     sysbios.aem4 : BIOS.obj (.text:xdc_runtime_Core_deleteObject__I)
                  01003fe4    00000004     release_pem4.oem4 (.text:ti_sysbios_family_arm_m3_Hwi_delete)
                  01003fe8    00000070     sysbios.aem4 : BIOS.obj (.text:ti_sysbios_heaps_HeapMem_initPrimary__I)
                  01004058    0000006c                  : BIOS.obj (.text:ti_sysbios_knl_Swi_restoreHwi__E)
                  010040c4    00000068     rtsv7M4_T_le_eabi.lib : copy_decompress_lzss.c.obj (.text:decompress:lzss:__TI_decompress_lzss)
                  0100412c    00000068     main_tirtos.obj (.text:main)
                  01004194    00000004     release_pem4.oem4 (.text:ti_sysbios_family_arm_m3_TaskSupport_Module__startupDone__S)
                  01004198    00000068     sysbios.aem4 : BIOS.obj (.text:pthread_exit)
                  01004200    00000066     drivers_cc32xx.aem4 : UARTCC32XX.oem4 (.text:UARTCC32XX_writeCancel)
                  01004266    00000002     release_pem4.oem4 (.text:xdc_runtime_Startup_reset__I)
                  01004268    00000064     drivers_cc32xx.aem4 : ADCCC32XX.oem4 (.text:ADCCC32XX_convert)
                  010042cc    00000064                         : PowerCC32XX.oem4 (.text:PowerCC32XX_setParkState)
                  01004330    00000064     sysbios.aem4 : BIOS.obj (.text:ti_sysbios_family_arm_m3_Hwi_dispatchC__I)
                  01004394    00000062     drivers_cc32xx.aem4 : UARTCC32XX.oem4 (.text:UARTCC32XX_writePolling)
                  010043f6    00000002     --HOLE-- [fill = 0]
                  010043f8    00000060     driverlib.a : prcm.obj (.text:PRCMSysResetCauseGet)
                  01004458    00000060     sysbios.aem4 : BIOS.obj (.text:ti_sysbios_knl_Semaphore_post__E)
                  010044b8    00000060                  : BIOS.obj (.text:ti_sysbios_knl_Swi_run__I)
                  01004518    0000005c     display.aem4 : Display.oem4 (.text:Display_doOpen)
                  01004574    00000004     release_pem4.oem4 (.text:ti_sysbios_heaps_HeapMem_Module_GateProxy_enter__E)
                  01004578    0000005c     sysbios.aem4 : BIOS.obj (.text:ti_sysbios_family_arm_m3_Timer_start__E)
                  010045d4    00000004     release_pem4.oem4 (.text:ti_sysbios_heaps_HeapMem_Module_GateProxy_leave__E)
                  010045d8    0000005c     sysbios.aem4 : BIOS.obj (.text:ti_sysbios_knl_Swi_schedule__I)
                  01004634    00000004     release_pem4.oem4 (.text:ti_sysbios_knl_Clock_TimerProxy_getMaxTicks__E)
                  01004638    0000005c     sysbios.aem4 : BIOS.obj (.text:ti_sysbios_knl_Task_startCore__E)
                  01004694    00000004     release_pem4.oem4 (.text:ti_sysbios_knl_Clock_TimerProxy_setPeriodMicroSecs__E)
                  01004698    0000005c     sysbios.aem4 : BIOS.obj (.text:xdc_runtime_Startup_exec__E)
                  010046f4    00000058     driverlib.a : prcm.obj (.text:PRCMPeripheralReset)
                  0100474c    00000058     drivers_cc32xx.aem4 : PowerCC32XX.oem4 (.text:Power_releaseDependency)
                  010047a4    00000054                         : UARTCC32XX.oem4 (.text:ringBufGet)
                  010047f8    00000054     release_pem4.oem4 (.text:ti_sysbios_family_arm_m3_Hwi_create)
                  0100484c    00000004     release_pem4.oem4 (.text:ti_sysbios_knl_Clock_TimerProxy_start__E)
                  01004850    00000054     sysbios.aem4 : BIOS.obj (.text:ti_sysbios_family_arm_m3_Timer_setPeriod__E)
                  010048a4    00000004     release_pem4.oem4 (.text:ti_sysbios_knl_Clock_TimerProxy_stop__E)
                  010048a8    00000054     sysbios.aem4 : BIOS.obj (.text:xdc_runtime_Core_assignLabel__I)
                  010048fc    00000052     drivers_cc32xx.aem4 : PowerCC32XX.oem4 (.text:PowerCC32XX_parkPin)
                  0100494e    00000052                         : PowerCC32XX_asm.oem4 (.text:PowerCC32XX_resumeLPDS)
                  010049a0    00000050     dpl_cc32xx.aem4 : ClockP_tirtos.oem4 (.text:ClockP_create)
                  010049f0    00000050     sysbios.aem4 : BIOS.obj (.text:ti_sysbios_family_arm_m3_Hwi_Module_startup__E)
                  01004a40    00000050     release_pem4.oem4 (.text:ti_sysbios_knl_Task_create)
                  01004a90    0000004c     rtsv7M4_T_le_eabi.lib : cpy_tbl.c.obj (.text:copy_in)
                  01004adc    0000004c     drivers_cc32xx.aem4 : PowerCC32XX.oem4 (.text:restorePeriphClocks)
                  01004b28    0000004c     sysbios.aem4 : BIOS.obj (.text:ti_sysbios_heaps_HeapMem_getStats__E)
                  01004b74    00000004     release_pem4.oem4 (.text:ti_sysbios_knl_Clock_delete)
                  01004b78    0000004c     sysbios.aem4 : BIOS.obj (.text:ti_sysbios_knl_Swi_runLoop__I)
                  01004bc4    00000004     release_pem4.oem4 (.text:ti_sysbios_knl_Semaphore_delete)
                  01004bc8    0000004c     sysbios.aem4 : BIOS.obj (.text:ti_sysbios_knl_Task_allBlockedFunction__I)
                  01004c14    00000004     release_pem4.oem4 (.text:ti_sysbios_knl_Task_delete)
                  01004c18    0000004c     sysbios.aem4 : BIOS.obj (.text:ti_sysbios_knl_Task_schedule__I)
                  01004c64    0000004a     display.aem4 : DisplayUart.oem4 (.text:DisplayUartMin_open)
                  01004cae    00000002     --HOLE-- [fill = 0]
                  01004cb0    00000048     driverlib.a : flash.obj (.text:FlashDisable)
                  01004cf8    00000048                 : prcm.obj (.text:PRCMLPDSEnter)
                  01004d40    00000048                 : prcm.obj (.text:PRCMPeripheralClkEnable)
                  01004d88    00000048     drivers_cc32xx.aem4 : PowerCC32XX.oem4 (.text:Power_releaseConstraint)
                  01004dd0    00000048     rtsv7M4_T_le_eabi.lib : fd_toi_t2.asm.obj (.text)
                  01004e18    00000048     sysbios.aem4 : BIOS.obj (.text:ti_sysbios_family_arm_m3_Hwi_disableInterrupt__E)
                  01004e60    00000048                  : BIOS.obj (.text:ti_sysbios_family_arm_m3_Hwi_enableInterrupt__E)
                  01004ea8    00000048                  : m3_Hwi_asm_switch.obj (.text:ti_sysbios_family_arm_m3_Hwi_initStacks__E)
                  01004ef0    00000048                  : BIOS.obj (.text:ti_sysbios_family_arm_m3_Timer_initDevice__I)
                  01004f38    00000048                  : BIOS.obj (.text:ti_sysbios_knl_Mailbox_Module_startup__E)
                  01004f80    00000048                  : BIOS.obj (.text:xdc_runtime_Core_assignParams__I)
                  01004fc8    00000046     display.aem4 : DisplayUart.oem4 (.text:DisplayUartMin_vprintf)
                  0100500e    00000046     drivers_cc32xx.aem4 : RingBuf.oem4 (.text:RingBuf_put)
                  01005054    00000044                         : ADC.oem4 (.text:ADC_init)
                  01005098    00000044     driverlib.a : prcm.obj (.text:PRCMLPDSRestoreInfoSet)
                  010050dc    00000044     drivers_cc32xx.aem4 : PowerCC32XX_asm.oem4 (.text:PowerCC32XX_enterLPDS)
                  01005120    00000044                         : UART.oem4 (.text:UART_init)
                  01005164    00000044     boot.aem4 : boot.oem4 (.text)
                  010051a8    00000044     rtsv7M4_T_le_eabi.lib : fd_tou_t2.asm.obj (.text)
                  010051ec    00000004     release_pem4.oem4 (.text:xdc_runtime_System_Module_GateProxy_enter__E)
                  010051f0    00000044     sysbios.aem4 : BIOS.obj (.text:ti_sysbios_family_arm_m3_Hwi_getStackInfo__E)
                  01005234    00000004     release_pem4.oem4 (.text:xdc_runtime_System_Module_GateProxy_leave__E)
                  01005238    00000044     sysbios.aem4 : BIOS.obj (.text:ti_sysbios_knl_Mailbox_postInit__I)
                  0100527c    00000004     --HOLE-- [fill = 0]
                  01005280    00000044                  : BIOS.obj (.text:ti_sysbios_knl_Swi_post__E)
                  010052c4    00000004     --HOLE-- [fill = 0]
                  010052c8    00000044                  : BIOS.obj (.text:xdc_runtime_System_atexit__E)
                  0100530c    00000040     dpl_cc32xx.aem4 : HwiP_tirtos.oem4 (.text:HwiP_create)
                  0100534c    00000040     driverlib.a : pin.obj (.text:PinModeSet)
                  0100538c    00000040     drivers_cc32xx.aem4 : RingBuf.oem4 (.text:RingBuf_get)
                  010053cc    00000040                         : UARTCC32XX.oem4 (.text:UARTCC32XX_read)
                  0100540c    00000040     rtsv7M4_T_le_eabi.lib : u_divt2.asm.obj (.text)
                  0100544c    00000004     --HOLE-- [fill = 0]
                  01005450    00000040     sysbios.aem4 : BIOS.obj (.text:ti_sysbios_heaps_HeapMem_Instance_init__E)
                  01005490    00000040                  : BIOS.obj (.text:ti_sysbios_knl_Clock_Instance_init__E)
                  010054d0    0000003c     drivers_cc32xx.aem4 : ADC.oem4 (.text:ADC_open)
                  0100550c    0000003c                         : PowerCC32XX.oem4 (.text:Power_setConstraint)
                  01005548    0000003c     dpl_cc32xx.aem4 : SemaphoreP_tirtos.oem4 (.text:SemaphoreP_create)
                  01005584    0000003c     drivers_cc32xx.aem4 : UART.oem4 (.text:UART_open)
                  010055c0    0000003c     dpl_cc32xx.aem4 : PowerCC32XX_tirtos.oem4 (.text:getCountsRTC)
                  010055fc    00000004     --HOLE-- [fill = 0]
                  01005600    0000003c     sysbios.aem4 : BIOS.obj (.text:ti_sysbios_family_arm_m3_Hwi_Instance_finalize__E)
                  0100563c    00000004     --HOLE-- [fill = 0]
                  01005640    0000003c                  : BIOS.obj (.text:ti_sysbios_family_arm_m3_Timer_setPeriodMicroSecs__E)
                  0100567c    0000003c     release_pem4.oem4 (.text:ti_sysbios_knl_Clock_create)
                  010056b8    0000003c     sysbios.aem4 : BIOS.obj (.text:ti_sysbios_knl_Clock_walkQueuePeriodic__E)
                  010056f4    00000004     --HOLE-- [fill = 0]
                  010056f8    0000003c                  : BIOS.obj (.text:ti_sysbios_knl_Swi_restore__E)
                  01005734    00000004     --HOLE-- [fill = 0]
                  01005738    0000003c                  : BIOS.obj (.text:xdc_runtime_System_processAtExit__E)
                  01005774    00000038     driverlib.a : prcm.obj (.text:PRCMLPDSEnterKeepDebugIf)
                  010057ac    00000038     drivers_cc32xx.aem4 : PowerCC32XX.oem4 (.text:notify)
                  010057e4    00000038     rtsv7M4_T_le_eabi.lib : fs_tod_t2.asm.obj (.text)
                  0100581c    00000004     --HOLE-- [fill = 0]
                  01005820    00000038     sysbios.aem4 : BIOS.obj (.text:ti_sysbios_knl_Task_processVitalTaskFlag__I)
                  01005858    00000036     drivers_cc32xx.aem4 : PowerCC32XX.oem4 (.text:PowerCC32XX_restoreParkedPin)
                  0100588e    00000036                         : UARTCC32XX.oem4 (.text:UARTCC32XX_readCancel)
                  010058c4    00000034     driverlib.a : pin.obj (.text:PinModeGet)
                  010058f8    00000034     drivers_cc32xx.aem4 : PowerCC32XX.oem4 (.text:PowerCC32XX_restoreParkState)
                  0100592c    00000004     --HOLE-- [fill = 0]
                  01005930    00000034     sysbios.aem4 : BIOS.obj (.text:_pthread_delete$41)
                  01005964    00000004     --HOLE-- [fill = 0]
                  01005968    00000034                  : BIOS.obj (.text:ti_sysbios_family_arm_m3_Timer_periodicStub__I)
                  0100599c    00000034     release_pem4.oem4 (.text:ti_sysbios_knl_Semaphore_create)
                  010059d0    00000032     sysbios.aem4 : BIOS.obj (.text:ti_sysbios_hal_Hwi_initStack)
                  01005a02    00000002     --HOLE-- [fill = 0]
                  01005a04    00000030     release_pem4.oem4 (.text:ti_sysbios_BIOS_atExitFunc__I)
                  01005a34    00000030     release_pem4.oem4 (.text:ti_sysbios_BIOS_startFunc__I)
                  01005a64    00000030     release_pem4.oem4 (.text:ti_sysbios_gates_GateHwi_Object__create__S)
                  01005a94    00000030     release_pem4.oem4 (.text:ti_sysbios_gates_GateMutex_Object__create__S)
                  01005ac4    00000004     --HOLE-- [fill = 0]
                  01005ac8    00000030     sysbios.aem4 : BIOS.obj (.text:ti_sysbios_gates_GateMutex_enter__E)
                  01005af8    00000030     release_pem4.oem4 (.text:ti_sysbios_heaps_HeapMem_Object__create__S)
                  01005b28    00000030     release_pem4.oem4 (.text:ti_sysbios_knl_Semaphore_construct)
                  01005b58    00000030     sysbios.aem4 : BIOS.obj (.text:ti_sysbios_knl_Semaphore_pendTimeout__I)
                  01005b88    00000030                  : BIOS.obj (.text:ti_sysbios_knl_Task_restore__E)
                  01005bb8    00000030                  : BIOS.obj (.text:ti_sysbios_knl_Task_unblockI__E)
                  01005be8    0000002e     rtsv7M4_T_le_eabi.lib : i_tofd_t2.asm.obj (.text)
                  01005c16    00000002     --HOLE-- [fill = 0]
                  01005c18    0000002c     drivers_cc32xx.aem4 : PowerCC32XX.oem4 (.text:PowerCC32XX_getParkState)
                  01005c44    0000002c     dpl_cc32xx.aem4 : SemaphoreP_tirtos.oem4 (.text:SemaphoreP_createBinary)
                  01005c70    0000002c     sysbios.aem4 : BIOS.obj (.text:_pthread_cleanupFxn)
                  01005c9c    0000002c     release_pem4.oem4 (.text:ti_sysbios_knl_Clock_doTick__I)
                  01005cc8    0000002c     release_pem4.oem4 (.text:ti_sysbios_knl_Queue_construct)
                  01005cf4    0000002a     display.aem4 : Display.oem4 (.text:Display_doPrintf)
                  01005d1e    00000002     --HOLE-- [fill = 0]
                  01005d20    0000002a     sysbios.aem4 : BIOS.obj (.text:xdc_runtime_System_putchar__I)
                  01005d4a    00000002     --HOLE-- [fill = 0]
                  01005d4c    00000028     display.aem4 : Display.oem4 (.text:Display_doInit)
                  01005d74    00000028     driverlib.a : prcm.obj (.text:PRCMPeripheralClkDisable)
                  01005d9c    00000028     dpl_cc32xx.aem4 : PowerCC32XX_tirtos.oem4 (.text:PowerCC32XX_initPolicy)
                  01005dc4    00000028     drivers_cc32xx.aem4 : PowerCC32XX.oem4 (.text:Power_registerNotify)
                  01005dec    00000004     --HOLE-- [fill = 0]
                  01005df0    00000028     sysbios.aem4 : BIOS.obj (.text:ti_sysbios_knl_Clock_addI__E)
                  01005e18    00000028                  : BIOS.obj (.text:ti_sysbios_knl_Swi_Module_startup__E)
                  01005e40    00000026     drivers_cc32xx.aem4 : List.oem4 (.text:List_put)
                  01005e66    00000026                         : List.oem4 (.text:List_remove)
                  01005e8c    00000004     --HOLE-- [fill = 0]
                  01005e90    00000024     sysbios.aem4 : BIOS.obj (.text:pthread_attr_init)
                  01005eb4    00000024     release_pem4.oem4 (.text:ti_sysbios_BIOS_registerRTSLock__I)
                  01005ed8    00000024     release_pem4.oem4 (.text:ti_sysbios_BIOS_removeRTSLock__I)
                  01005efc    00000004     --HOLE-- [fill = 0]
                  01005f00    00000024     sysbios.aem4 : BIOS.obj (.text:ti_sysbios_family_arm_m3_Timer_postInit__I)
                  01005f24    00000004     --HOLE-- [fill = 0]
                  01005f28    00000024                  : BIOS.obj (.text:ti_sysbios_family_arm_m3_Timer_startup__E)
                  01005f4c    00000024     release_pem4.oem4 (.text:ti_sysbios_gates_GateMutex_Object__delete__S)
                  01005f70    00000024     sysbios.aem4 : BIOS.obj (.text:ti_sysbios_knl_Clock_Module_startup__E)
                  01005f94    00000024     release_pem4.oem4 (.text:ti_sysbios_knl_Clock_Object__delete__S)
                  01005fb8    00000024     sysbios.aem4 : BIOS.obj (.text:ti_sysbios_knl_Clock_start__E)
                  01005fdc    00000004     --HOLE-- [fill = 0]
                  01005fe0    00000024                  : BIOS.obj (.text:ti_sysbios_knl_Semaphore_Instance_init__E)
                  01006004    00000024     release_pem4.oem4 (.text:ti_sysbios_knl_Semaphore_Object__delete__S)
                  01006028    00000024     sysbios.aem4 : BIOS.obj (.text:ti_sysbios_knl_Task_restoreHwi__E)
                  0100604c    00000004     --HOLE-- [fill = 0]
                  01006050    00000024                  : BIOS.obj (.text:xdc_runtime_Error_policyMin__E)
                  01006074    00000020     drivers_cc32xx.aem4 : ADCCC32XX.oem4 (.text:ADCCC32XX_convertToMicroVolts)
                  01006094    00000020                         : PowerCC32XX.oem4 (.text:Power_unregisterNotify)
                  010060b4    00000020                         : RingBuf.oem4 (.text:RingBuf_peek)
                  010060d4    00000020                         : UARTCC32XX.oem4 (.text:getPowerMgrId)
                  010060f4    00000020     rtsv7M4_T_le_eabi.lib : u_tofd_t2.asm.obj (.text)
                  01006114    00000020     release_pem4.oem4 (.text:ti_sysbios_BIOS_rtsLock__I)
                  01006134    00000020     release_pem4.oem4 (.text:ti_sysbios_family_arm_m3_Hwi_Object__delete__S)
                  01006154    00000020     sysbios.aem4 : m3_Hwi_asm.obj (.text:ti_sysbios_family_arm_m3_Hwi_excHandlerAsm__I)
                  01006174    00000004     --HOLE-- [fill = 0]
                  01006178    00000020                  : BIOS.obj (.text:ti_sysbios_family_arm_m3_Hwi_excHandler__I)
                  01006198    00000020     release_pem4.oem4 (.text:ti_sysbios_gates_GateHwi_Object__delete__S)
                  010061b8    00000020     release_pem4.oem4 (.text:ti_sysbios_heaps_HeapMem_Object__delete__S)
                  010061d8    00000020     sysbios.aem4 : BIOS.obj (.text:ti_sysbios_knl_Idle_run__E)
                  010061f8    00000020     release_pem4.oem4 (.text:ti_sysbios_knl_Semaphore_destruct)
                  01006218    00000020     release_pem4.oem4 (.text:ti_sysbios_knl_Task_Object__delete__S)
                  01006238    0000001e     sysbios.aem4 : m3_Hwi_asm_switch.obj (.text:ti_sysbios_family_xxx_Hwi_switchAndRunFunc)
                  01006256    00000002     --HOLE-- [fill = 0]
                  01006258    0000001c     driverlib.a : pin.obj (.text:PinToPadGet)
                  01006274    00000004     --HOLE-- [fill = 0]
                  01006278    0000001c     sysbios.aem4 : BIOS.obj (.text:ti_sysbios_family_arm_m3_Timer_Module_startup__E)
                  01006294    00000004     --HOLE-- [fill = 0]
                  01006298    0000001c                  : BIOS.obj (.text:ti_sysbios_family_arm_m3_Timer_stop__E)
                  010062b4    00000004     --HOLE-- [fill = 0]
                  010062b8    0000001c                  : BIOS.obj (.text:ti_sysbios_gates_GateMutex_Instance_init__E)
                  010062d4    00000004     --HOLE-- [fill = 0]
                  010062d8    0000001c                  : BIOS.obj (.text:ti_sysbios_knl_Clock_Instance_finalize__E)
                  010062f4    0000001c     release_pem4.oem4 (.text:ti_sysbios_knl_Queue_destruct)
                  01006310    0000001c     sysbios.aem4 : BIOS.obj (.text:ti_sysbios_knl_Queue_put__E)
                  0100632c    00000004     --HOLE-- [fill = 0]
                  01006330    0000001c                  : BIOS.obj (.text:ti_sysbios_knl_Task_enter__I)
                  0100634c    0000001a                  : m3_Hwi_asm.obj (.text:ti_sysbios_family_arm_m3_Hwi_pendSV__I)
                  01006366    00000002     --HOLE-- [fill = 0]
                  01006368    00000018     drivers_cc32xx.aem4 : PowerCC32XX.oem4 (.text:Power_idleFunc)
                  01006380    00000018     driverlib.a : uart.obj (.text:UARTBusy)
                  01006398    00000018                 : uart.obj (.text:UARTIntEnable)
                  010063b0    00000018     drivers_cc32xx.aem4 : UART.oem4 (.text:UART_Params_init)
                  010063c8    00000018     rtsv7M4_T_le_eabi.lib : args_main.c.obj (.text:_args_main)
                  010063e0    00000018                           : ll_mul_t2.asm.obj (.text)
                  010063f8    00000018     release_pem4.oem4 (.text:ti_sysbios_BIOS_rtsUnlock__I)
                  01006410    00000018     release_pem4.oem4 (.text:ti_sysbios_family_arm_m3_Hwi_Module__startupDone__F)
                  01006428    00000018     release_pem4.oem4 (.text:ti_sysbios_family_arm_m3_Timer_Module__startupDone__F)
                  01006440    00000018     release_pem4.oem4 (.text:ti_sysbios_gates_GateHwi_Handle__label__S)
                  01006458    00000018     release_pem4.oem4 (.text:ti_sysbios_gates_GateMutex_Handle__label__S)
                  01006470    00000018     sysbios.aem4 : BIOS.obj (.text:ti_sysbios_gates_GateMutex_leave__E)
                  01006488    00000018     release_pem4.oem4 (.text:ti_sysbios_heaps_HeapMem_Handle__label__S)
                  010064a0    00000018     sysbios.aem4 : BIOS.obj (.text:xdc_runtime_Error_init__E)
                  010064b8    00000018                  : BIOS.obj (.text:xdc_runtime_System_exit__E)
                  010064d0    00000016     display.aem4 : DisplayUart.oem4 (.text:DisplayUartMin_close)
                  010064e6    00000016     driverlib.a : prcm.obj (.text:PRCMHIBRegRead)
                  010064fc    00000016                 : prcm.obj (.text:PRCMHIBRegWrite)
                  01006512    00000016     release_pem4.oem4 (.text:ti_sysbios_BIOS_exitFunc__I)
                  01006528    00000014     drivers_cc32xx.aem4 : PowerCC32XX.oem4 (.text:Power_getDependencyCount)
                  0100653c    00000004     --HOLE-- [fill = 0]
                  01006540    00000014     sysbios.aem4 : BIOS.obj (.text:pthread_attr_setschedparam)
                  01006554    00000014     drivers_cc32xx.aem4 : UARTCC32XX.oem4 (.text:releasePowerConstraint)
                  01006568    00000014     rtsv7M4_T_le_eabi.lib : strlen.c.obj (.text:strlen)
                  0100657c    00000014     release_pem4.oem4 (.text:ti_sysbios_family_arm_m3_Hwi_Object__get__S)
                  01006590    00000014     sysbios.aem4 : BIOS.obj (.text:ti_sysbios_family_arm_m3_Hwi_switchFromBootStack__E)
                  010065a4    00000014                  : m3_TaskSupport_asm.obj (.text:ti_sysbios_family_arm_m3_TaskSupport_swap__E)
                  010065b8    00000014     release_pem4.oem4 (.text:ti_sysbios_heaps_HeapMem_Object__get__S)
                  010065cc    00000004     --HOLE-- [fill = 0]
                  010065d0    00000014     sysbios.aem4 : BIOS.obj (.text:ti_sysbios_knl_Clock_tickReconfig__E)
                  010065e4    00000014     release_pem4.oem4 (.text:ti_sysbios_knl_Swi_Object__get__S)
                  010065f8    00000012     drivers_cc32xx.aem4 : RingBuf.oem4 (.text:RingBuf_construct)
                  0100660a    00000012     dpl_cc32xx.aem4 : SemaphoreP_tirtos.oem4 (.text:SemaphoreP_pend)
                  0100661c    00000004     --HOLE-- [fill = 0]
                  01006620    00000012     sysbios.aem4 : BIOS.obj (.text:_pthread_runStub$41)
                  01006632    00000006     driverlib.a : utils.obj (.text:UtilsDelay)
                  01006638    00000012     sysbios.aem4 : BIOS.obj (.text:ti_sysbios_hal_Hwi_Module_startup__E)
                  0100664a    00000012     release_pem4.oem4 (.text:xdc_runtime_Startup_exec__I)
                  0100665c    00000010     dpl_cc32xx.aem4 : HwiP_tirtos.oem4 (.text:HwiP_Params_init)
                  0100666c    00000010     drivers_cc32xx.aem4 : UARTCC32XX.oem4 (.text:readBlockingTimeout)
                  0100667c    00000004     --HOLE-- [fill = 0]
                  01006680    00000010     sysbios.aem4 : BIOS.obj (.text:ti_sysbios_BIOS_getCpuFreq__E)
                  01006690    00000010                  : BIOS.obj (.text:ti_sysbios_BIOS_setThreadType__E)
                  010066a0    00000010                  : BIOS.obj (.text:ti_sysbios_BIOS_start__E)
                  010066b0    00000010                  : m3_TaskSupport_asm.obj (.text:ti_sysbios_family_arm_m3_TaskSupport_glue)
                  010066c0    00000010                  : BIOS.obj (.text:ti_sysbios_gates_GateMutex_Instance_finalize__E)
                  010066d0    00000010     release_pem4.oem4 (.text:ti_sysbios_knl_Mailbox_Object__get__S)
                  010066e0    00000010     sysbios.aem4 : BIOS.obj (.text:ti_sysbios_knl_Semaphore_Instance_finalize__E)
                  010066f0    00000010                  : BIOS.obj (.text:ti_sysbios_knl_Swi_disable__E)
                  01006700    00000010     release_pem4.oem4 (.text:ti_sysbios_knl_Task_Object__get__S)
                  01006710    00000010     sysbios.aem4 : BIOS.obj (.text:ti_sysbios_knl_Task_disable__E)
                  01006720    00000010                  : BIOS.obj (.text:xdc_runtime_Memory_free__E)
                  01006730    00000010                  : BIOS.obj (.text:xdc_runtime_SysCallback_abort__E)
                  01006740    00000010                  : BIOS.obj (.text:xdc_runtime_SysCallback_exit__E)
                  01006750    00000010                  : BIOS.obj (.text:xdc_runtime_SysCallback_putch__E)
                  01006760    00000010                  : BIOS.obj (.text:xdc_runtime_SysCallback_ready__E)
                  01006770    00000010                  : BIOS.obj (.text:xdc_runtime_System_vsnprintf__E)
                  01006780    0000000e     drivers_cc32xx.aem4 : RingBuf.oem4 (.text:RingBuf_isFull)
                  0100678e    0000000e     rtsv7M4_T_le_eabi.lib : copy_decompress_none.c.obj (.text:decompress:none:__TI_decompress_none)
                  0100679c    00000004     --HOLE-- [fill = 0]
                  010067a0    0000000e     sysbios.aem4 : BIOS.obj (.text:pthread_attr_setdetachstate)
                  010067ae    00000002     --HOLE-- [fill = 0]
                  010067b0    0000000e                  : BIOS.obj (.text:ti_sysbios_knl_Idle_loop__E)
                  010067be    00000002     --HOLE-- [fill = 0]
                  010067c0    0000000e                  : BIOS.obj (.text:ti_sysbios_knl_Queue_empty__E)
                  010067ce    0000000c     CC3220SF_LAUNCHXL.obj (.text:CC3220SF_LAUNCHXL_initGeneral)
                  010067da    0000000c     dpl_cc32xx.aem4 : ClockP_tirtos.oem4 (.text:ClockP_delete)
                  010067e6    0000000c                     : HwiP_tirtos.oem4 (.text:HwiP_delete)
                  010067f2    00000002     --HOLE-- [fill = 0]
                  010067f4    0000000c     drivers_cc32xx.aem4 : PowerCC32XX.oem4 (.text:Power_getConstraintMask)
                  01006800    0000000c     dpl_cc32xx.aem4 : SemaphoreP_tirtos.oem4 (.text:SemaphoreP_delete)
                  0100680c    0000000c     rtsv7M4_T_le_eabi.lib : _lock.c.obj (.text:_register_lock)
                  01006818    0000000c                           : _lock.c.obj (.text:_register_unlock)
                  01006824    0000000c                           : copy_zero_init.c.obj (.text:decompress:ZI:__TI_zero_init)
                  01006830    0000000c     drivers_cc32xx.aem4 : UARTCC32XX.oem4 (.text:postNotifyFxn)
                  0100683c    0000000c     release_pem4.oem4 (.text:ti_sysbios_family_arm_m3_Hwi_Params__init__S)
                  01006848    0000000c     sysbios.aem4 : BIOS.obj (.text:ti_sysbios_family_arm_m3_Hwi_disableFxn__E)
                  01006854    00000004     --HOLE-- [fill = 0]
                  01006858    0000000c                  : BIOS.obj (.text:ti_sysbios_family_arm_m3_TaskSupport_getStackAlignment__E)
                  01006864    00000004     --HOLE-- [fill = 0]
                  01006868    0000000c                  : BIOS.obj (.text:ti_sysbios_gates_GateHwi_enter__E)
                  01006874    0000000c     release_pem4.oem4 (.text:ti_sysbios_knl_Clock_Params__init__S)
                  01006880    0000000c     sysbios.aem4 : BIOS.obj (.text:ti_sysbios_knl_Clock_getTicks__E)
                  0100688c    00000004     --HOLE-- [fill = 0]
                  01006890    0000000c                  : BIOS.obj (.text:ti_sysbios_knl_Clock_setTicks__E)
                  0100689c    00000004     --HOLE-- [fill = 0]
                  010068a0    0000000c                  : BIOS.obj (.text:ti_sysbios_knl_Clock_tickStart__E)
                  010068ac    00000004     --HOLE-- [fill = 0]
                  010068b0    0000000c                  : BIOS.obj (.text:ti_sysbios_knl_Clock_tickStop__E)
                  010068bc    0000000c     release_pem4.oem4 (.text:ti_sysbios_knl_Queue_Object__get__S)
                  010068c8    0000000c     release_pem4.oem4 (.text:ti_sysbios_knl_Semaphore_Params__init__S)
                  010068d4    0000000c     release_pem4.oem4 (.text:ti_sysbios_knl_Task_Params__init__S)
                  010068e0    0000000c     sysbios.aem4 : BIOS.obj (.text:ti_sysbios_rts_ti_ReentSupport_taskRegHook__I)
                  010068ec    00000004     --HOLE-- [fill = 0]
                  010068f0    0000000c                  : BIOS.obj (.text:xdc_runtime_Startup_rtsDone__E)
                  010068fc    0000000a     drivers_cc32xx.aem4 : ADC.oem4 (.text:ADC_Params_init)
                  01006906    0000000a                         : ADC.oem4 (.text:ADC_close)
                  01006910    0000000a                         : ADC.oem4 (.text:ADC_convert)
                  0100691a    0000000a                         : ADC.oem4 (.text:ADC_convertToMicroVolts)
                  01006924    0000000a     dpl_cc32xx.aem4 : ClockP_tirtos.oem4 (.text:ClockP_Params_init)
                  0100692e    0000000a     drivers_cc32xx.aem4 : UART.oem4 (.text:UART_close)
                  01006938    0000000a                         : UART.oem4 (.text:UART_control)
                  01006942    0000000a                         : UART.oem4 (.text:UART_write)
                  0100694c    0000000a     release_pem4.oem4 (.text:xdc_runtime_IHeap_alloc)
                  01006956    0000000a     release_pem4.oem4 (.text:xdc_runtime_IHeap_free)
                  01006960    00000008     drivers_cc32xx.aem4 : ADCCC32XX.oem4 (.text:ADCCC32XX_init)
                  01006968    00000008     dpl_cc32xx.aem4 : SemaphoreP_tirtos.oem4 (.text:SemaphoreP_Params_init)
                  01006970    00000008     sysbios.aem4 : BIOS.obj (.text:pthread_attr_setstacksize)
                  01006978    00000008     drivers_cc32xx.aem4 : UARTCC32XX.oem4 (.text:readSemCallback)
                  01006980    00000008     sysbios.aem4 : BIOS.obj (.text:ti_sysbios_family_arm_m3_Hwi_doSwiRestore__I)
                  01006988    00000008                  : BIOS.obj (.text:ti_sysbios_family_arm_m3_Hwi_startup__E)
                  01006990    00000008     drivers_cc32xx.aem4 : UARTCC32XX.oem4 (.text:writeSemCallback)
                  01006998    00000006     sysbios.aem4 : BIOS.obj (.text:ti_sysbios_family_arm_m3_Hwi_doTaskRestore__I)
                  0100699e    00000002     --HOLE-- [fill = 0]
                  010069a0    00000006                  : BIOS.obj (.text:ti_sysbios_family_arm_m3_Hwi_restoreFxn__E)
                  010069a6    00000002     --HOLE-- [fill = 0]
                  010069a8    00000006                  : BIOS.obj (.text:ti_sysbios_gates_GateHwi_leave__E)
                  010069ae    00000002     --HOLE-- [fill = 0]
                  010069b0    00000006                  : BIOS.obj (.text:ti_sysbios_heaps_HeapMem_isBlocking__E)
                  010069b6    00000002     --HOLE-- [fill = 0]
                  010069b8    00000006                  : BIOS.obj (.text:ti_sysbios_knl_Clock_stop__E)
                  010069be    00000002     --HOLE-- [fill = 0]
                  010069c0    00000006                  : BIOS.obj (.text:ti_sysbios_knl_Queue_Instance_init__E)
                  010069c6    00000002     --HOLE-- [fill = 0]
                  010069c8    00000006                  : BIOS.obj (.text:ti_sysbios_knl_Swi_startup__E)
                  010069ce    00000002     --HOLE-- [fill = 0]
                  010069d0    00000006                  : BIOS.obj (.text:xdc_runtime_System_Module_startup__E)
                  010069d6    00000002     --HOLE-- [fill = 0]
                  010069d8    00000004                  : BIOS.obj (.text:ti_sysbios_family_arm_m3_Timer_getMaxTicks__E)
                  010069dc    00000004     --HOLE-- [fill = 0]
                  010069e0    00000004                  : BIOS.obj (.text:ti_sysbios_gates_GateHwi_query__E)
                  010069e4    00000004     --HOLE-- [fill = 0]
                  010069e8    00000004                  : BIOS.obj (.text:ti_sysbios_gates_GateMutex_query__E)
                  010069ec    00000004     --HOLE-- [fill = 0]
                  010069f0    00000004                  : BIOS.obj (.text:ti_sysbios_knl_Clock_setTimeout__E)
                  010069f4    00000004     --HOLE-- [fill = 0]
                  010069f8    00000004                  : BIOS.obj (.text:ti_sysbios_knl_Task_startup__E)
                  010069fc    00000004     --HOLE-- [fill = 0]
                  01006a00    00000004                  : BIOS.obj (.text:xdc_runtime_SysCallback_defaultReady)
                  01006a04    00000004     --HOLE-- [fill = 0]
                  01006a08    00000002                  : BIOS.obj (.text:ti_sysbios_BIOS_linkedWithIncorrectBootLibrary__E)
                  01006a0a    00000006     --HOLE-- [fill = 0]
                  01006a10    00000002                  : BIOS.obj (.text:ti_sysbios_gates_GateHwi_Instance_init__E)
                  01006a12    00000006     --HOLE-- [fill = 0]
                  01006a18    00000002                  : BIOS.obj (.text:ti_sysbios_knl_Clock_logTick__E)
                  01006a1a    00000006     --HOLE-- [fill = 0]
                  01006a20    00000002                  : BIOS.obj (.text:xdc_runtime_SysCallback_defaultAbort)
                  01006a22    00000006     --HOLE-- [fill = 0]
                  01006a28    00000002                  : BIOS.obj (.text:xdc_runtime_SysCallback_defaultExit)
                  01006a2a    00000006     --HOLE-- [fill = 0]
                  01006a30    00000002                  : BIOS.obj (.text:xdc_runtime_SysCallback_defaultPutch)
                  01006a32    00000006     --HOLE-- [fill = 0]
                  01006a38    00000002                  : BIOS.obj (.text:xdc_runtime_System_abortSpin__E)
                  01006a3a    00000006     --HOLE-- [fill = 0]
                  01006a40    00000002                  : BIOS.obj (.text:xdc_runtime_System_exitSpin__E)

.const     0    01006a44    000007ca     
                  01006a44    00000100     driverlib.a : pin.obj (.const:g_ulPinToPadMap)
                  01006b44    000000a8                 : prcm.obj (.const:PRCM_PeriphRegsList)
                  01006bec    00000058     release_pem4.oem4 (.const:.string)
                  01006c44    00000048     CC3220SF_LAUNCHXL.obj (.const:uartCC3220SHWAttrs)
                  01006c8c    00000044     release_pem4.oem4 (.const:ti_sysbios_knl_Task_Object__PARAMS__C)
                  01006cd0    00000040     CC3220SF_LAUNCHXL.obj (.const:PowerCC32XX_config)
                  01006d10    00000030     release_pem4.oem4 (.const:ti_sysbios_family_arm_m3_Hwi_Object__PARAMS__C)
                  01006d40    00000028     drivers_cc32xx.aem4 : UARTCC32XX.oem4 (.const:UARTCC32XX_fxnTable)
                  01006d68    00000028     release_pem4.oem4 (.const:ti_sysbios_heaps_HeapMem_Module__FXNS__C)
                  01006d90    00000024     drivers_cc32xx.aem4 : UART.oem4 (.const:UART_defaultParams)
                  01006db4    00000024     release_pem4.oem4 (.const:ti_sysbios_gates_GateHwi_Module__FXNS__C)
                  01006dd8    00000024     release_pem4.oem4 (.const:ti_sysbios_gates_GateMutex_Module__FXNS__C)
                  01006dfc    00000024     release_pem4.oem4 (.const:ti_sysbios_heaps_HeapMem_Object__PARAMS__C)
                  01006e20    00000024     release_pem4.oem4 (.const:ti_sysbios_knl_Clock_Object__PARAMS__C)
                  01006e44    00000024     release_pem4.oem4 (.const:ti_sysbios_knl_Semaphore_Object__PARAMS__C)
                  01006e68    00000020     display.aem4 : DisplayUart.oem4 (.const:DisplayUartMin_fxnTable)
                  01006e88    00000020     drivers_cc32xx.aem4 : UARTCC32XX.oem4 (.const:staticFxnTable)
                  01006ea8    00000020     release_pem4.oem4 (.const:ti_sysbios_family_arm_m3_Hwi_Object__DESC__C)
                  01006ec8    00000020     release_pem4.oem4 (.const:ti_sysbios_gates_GateHwi_Object__DESC__C)
                  01006ee8    00000020     release_pem4.oem4 (.const:ti_sysbios_gates_GateMutex_Object__DESC__C)
                  01006f08    00000020     release_pem4.oem4 (.const:ti_sysbios_heaps_HeapMem_Object__DESC__C)
                  01006f28    00000020     release_pem4.oem4 (.const:ti_sysbios_knl_Clock_Object__DESC__C)
                  01006f48    00000020     release_pem4.oem4 (.const:ti_sysbios_knl_Queue_Object__DESC__C)
                  01006f68    00000020     release_pem4.oem4 (.const:ti_sysbios_knl_Semaphore_Object__DESC__C)
                  01006f88    00000020     release_pem4.oem4 (.const:ti_sysbios_knl_Task_Object__DESC__C)
                  01006fa8    00000020     release_pem4.oem4 (.const:xdc_runtime_Startup_sfxnTab__A)
                  01006fc8    00000018     drivers_cc32xx.aem4 : ADCCC32XX.oem4 (.const:ADCCC32XX_fxnTable)
                  01006fe0    00000018     CC3220SF_LAUNCHXL.obj (.const:ADC_config)
                  01006ff8    00000018     CC3220SF_LAUNCHXL.obj (.const:UART_config)
                  01007010    00000018     release_pem4.oem4 (.const:ti_sysbios_gates_GateHwi_Object__PARAMS__C)
                  01007028    00000018     release_pem4.oem4 (.const:ti_sysbios_gates_GateMutex_Object__PARAMS__C)
                  01007040    00000018     release_pem4.oem4 (.const:ti_sysbios_knl_Queue_Object__PARAMS__C)
                  01007058    00000018     release_pem4.oem4 (.const:ti_sysbios_knl_Task_hooks__A)
                  01007070    00000014     CC3220SF_LAUNCHXL.obj (.const:displayUartHWAttrs)
                  01007084    00000014     drivers_cc32xx.aem4 : UARTCC32XX.oem4 (.const:parityType)
                  01007098    00000010                         : UARTCC32XX.oem4 (.const:dataLength)
                  010070a8    00000010     release_pem4.oem4 (.const:xdc_runtime_Startup_sfxnRts__A)
                  010070b8    0000000d     CC3220SF_LAUNCHXL.obj (.const)
                  010070c5    00000001     display.aem4 : Display.oem4 (.const:Display_defaultParams)
                  010070c6    00000002     release_pem4.oem4 (.const:ti_sysbios_family_arm_m3_Hwi_Module__id__C)
                  010070c8    0000000c     CC3220SF_LAUNCHXL.obj (.const:Display_config)
                  010070d4    0000000c     release_pem4.oem4 (.const:xdc_runtime_Startup_firstFxns__A)
                  010070e0    00000008     drivers_cc32xx.aem4 : ADC.oem4 (.const:ADC_defaultParams)
                  010070e8    00000008     CC3220SF_LAUNCHXL.obj (.const:adcCC3220SHWAttrs)
                  010070f0    00000008     drivers_cc32xx.aem4 : UARTCC32XX.oem4 (.const:stopBits)
                  010070f8    00000008     release_pem4.oem4 (.const:ti_sysbios_knl_Idle_funcList__A)
                  01007100    00000008     release_pem4.oem4 (.const:ti_sysbios_knl_Idle_funcList__C)
                  01007108    00000008     release_pem4.oem4 (.const:ti_sysbios_knl_Task_hooks__C)
                  01007110    00000008     release_pem4.oem4 (.const:xdc_runtime_Startup_firstFxns__C)
                  01007118    00000008     release_pem4.oem4 (.const:xdc_runtime_Startup_lastFxns__C)
                  01007120    00000004     release_pem4.oem4 (.const:ti_sysbios_family_arm_m3_Hwi_E_alreadyDefined__C)
                  01007124    00000004     release_pem4.oem4 (.const:ti_sysbios_family_arm_m3_Hwi_NUM_INTERRUPTS__C)
                  01007128    00000004     release_pem4.oem4 (.const:ti_sysbios_family_arm_m3_Hwi_Object__count__C)
                  0100712c    00000004     release_pem4.oem4 (.const:ti_sysbios_family_arm_m3_Hwi_ccr__C)
                  01007130    00000004     release_pem4.oem4 (.const:ti_sysbios_family_arm_m3_Hwi_excHandlerFunc__C)
                  01007134    00000004     release_pem4.oem4 (.const:ti_sysbios_family_arm_m3_Hwi_nullIsrFunc__C)
                  01007138    00000004     release_pem4.oem4 (.const:ti_sysbios_family_arm_m3_Hwi_priGroup__C)
                  0100713c    00000004     release_pem4.oem4 (.const:ti_sysbios_family_arm_m3_Hwi_swiDisable__C)
                  01007140    00000004     release_pem4.oem4 (.const:ti_sysbios_family_arm_m3_Hwi_swiRestoreHwi__C)
                  01007144    00000004     release_pem4.oem4 (.const:ti_sysbios_family_arm_m3_TaskSupport_stackAlignment__C)
                  01007148    00000004     release_pem4.oem4 (.const:ti_sysbios_family_arm_m3_Timer_E_cannotSupport__C)
                  0100714c    00000004     release_pem4.oem4 (.const:ti_sysbios_family_arm_m3_Timer_startupNeeded__C)
                  01007150    00000004     release_pem4.oem4 (.const:ti_sysbios_gates_GateMutex_Instance_State_sem__O)
                  01007154    00000004     release_pem4.oem4 (.const:ti_sysbios_heaps_HeapMem_E_memory__C)
                  01007158    00000004     release_pem4.oem4 (.const:ti_sysbios_heaps_HeapMem_Module__gateObj__C)
                  0100715c    00000004     release_pem4.oem4 (.const:ti_sysbios_heaps_HeapMem_Object__count__C)
                  01007160    00000004     release_pem4.oem4 (.const:ti_sysbios_heaps_HeapMem_primaryHeapBaseAddr__C)
                  01007164    00000004     release_pem4.oem4 (.const:ti_sysbios_heaps_HeapMem_primaryHeapEndAddr__C)
                  01007168    00000004     release_pem4.oem4 (.const:ti_sysbios_heaps_HeapMem_reqAlign__C)
                  0100716c    00000004     release_pem4.oem4 (.const:ti_sysbios_knl_Clock_Module_State_clockQ__O)
                  01007170    00000004     release_pem4.oem4 (.const:ti_sysbios_knl_Clock_tickPeriod__C)
                  01007174    00000004     release_pem4.oem4 (.const:ti_sysbios_knl_Mailbox_Instance_State_freeQue__O)
                  01007178    00000004     release_pem4.oem4 (.const:ti_sysbios_knl_Mailbox_Object__count__C)
                  0100717c    00000004     release_pem4.oem4 (.const:ti_sysbios_knl_Mailbox_maxTypeAlign__C)
                  01007180    00000004     release_pem4.oem4 (.const:ti_sysbios_knl_Semaphore_Instance_State_pendQ__O)
                  01007184    00000004     release_pem4.oem4 (.const:ti_sysbios_knl_Swi_Object__count__C)
                  01007188    00000004     release_pem4.oem4 (.const:ti_sysbios_knl_Task_Module_State_inactiveQ__O)
                  0100718c    00000004     release_pem4.oem4 (.const:ti_sysbios_knl_Task_Object__count__C)
                  01007190    00000004     release_pem4.oem4 (.const:ti_sysbios_knl_Task_Object__heap__C)
                  01007194    00000004     release_pem4.oem4 (.const:ti_sysbios_knl_Task_allBlockedFunc__C)
                  01007198    00000004     release_pem4.oem4 (.const:ti_sysbios_knl_Task_defaultStackHeap__C)
                  0100719c    00000004     release_pem4.oem4 (.const:ti_sysbios_knl_Task_defaultStackSize__C)
                  010071a0    00000004     release_pem4.oem4 (.const:ti_sysbios_knl_Task_numConstructedTasks__C)
                  010071a4    00000004     release_pem4.oem4 (.const:xdc_runtime_Error_E_memory__C)
                  010071a8    00000004     release_pem4.oem4 (.const:xdc_runtime_Error_policyFxn__C)
                  010071ac    00000004     release_pem4.oem4 (.const:xdc_runtime_IGateProvider_Interface__BASE__C)
                  010071b0    00000004     release_pem4.oem4 (.const:xdc_runtime_IHeap_Interface__BASE__C)
                  010071b4    00000004     release_pem4.oem4 (.const:xdc_runtime_IModule_Interface__BASE__C)
                  010071b8    00000004     release_pem4.oem4 (.const:xdc_runtime_Memory_defaultHeapInstance__C)
                  010071bc    00000004     release_pem4.oem4 (.const:xdc_runtime_Startup_execImpl__C)
                  010071c0    00000004     release_pem4.oem4 (.const:xdc_runtime_Startup_maxPasses__C)
                  010071c4    00000004     release_pem4.oem4 (.const:xdc_runtime_Startup_sfxnRts__C)
                  010071c8    00000004     release_pem4.oem4 (.const:xdc_runtime_Startup_sfxnTab__C)
                  010071cc    00000004     release_pem4.oem4 (.const:xdc_runtime_SysCallback_abortFxn__C)
                  010071d0    00000004     release_pem4.oem4 (.const:xdc_runtime_SysCallback_exitFxn__C)
                  010071d4    00000004     release_pem4.oem4 (.const:xdc_runtime_SysCallback_putchFxn__C)
                  010071d8    00000004     release_pem4.oem4 (.const:xdc_runtime_SysCallback_readyFxn__C)
                  010071dc    00000004     release_pem4.oem4 (.const:xdc_runtime_System_Module__gateObj__C)
                  010071e0    00000004     release_pem4.oem4 (.const:xdc_runtime_System_abortFxn__C)
                  010071e4    00000004     release_pem4.oem4 (.const:xdc_runtime_System_exitFxn__C)
                  010071e8    00000004     release_pem4.oem4 (.const:xdc_runtime_System_extendFxn__C)
                  010071ec    00000004     release_pem4.oem4 (.const:xdc_runtime_System_maxAtexitHandlers__C)
                  010071f0    00000004     release_pem4.oem4 (.const:xdc_runtime_Text_charTab__C)
                  010071f4    00000004     release_pem4.oem4 (.const:xdc_runtime_Text_nameEmpty__C)
                  010071f8    00000004     release_pem4.oem4 (.const:xdc_runtime_Text_nameStatic__C)
                  010071fc    00000004     release_pem4.oem4 (.const:xdc_runtime_Text_nameUnknown__C)
                  01007200    00000002     release_pem4.oem4 (.const:ti_sysbios_family_arm_m3_Timer_Module__id__C)
                  01007202    00000002     release_pem4.oem4 (.const:ti_sysbios_heaps_HeapMem_Module__id__C)
                  01007204    00000002     release_pem4.oem4 (.const:xdc_runtime_Memory_Module__id__C)
                  01007206    00000002     release_pem4.oem4 (.const:xdc_runtime_Text_charCnt__C)
                  01007208    00000002     release_pem4.oem4 (.const:xdc_runtime_Text_isLoaded__C)
                  0100720a    00000001     release_pem4.oem4 (.const:ti_sysbios_knl_Clock_tickMode__C)
                  0100720b    00000001     release_pem4.oem4 (.const:ti_sysbios_knl_Clock_tickSource__C)
                  0100720c    00000001     release_pem4.oem4 (.const:xdc_runtime_Error_policy__C)
                  0100720d    00000001     release_pem4.oem4 (.const:xdc_runtime_Text_charTab__A)

.cinit     0    01007210    00000248     
                  01007210    00000224     (.cinit..data.load) [load image, compression = lzss]
                  01007434    0000000c     (__TI_handler_table)
                  01007440    00000008     (.cinit..bss.load) [load image, compression = zero_init]
                  01007448    00000010     (__TI_cinit_table)

.init_array 
*          0    01000800    00000000     UNINITIALIZED

.bss       0    20008310    00000bde     UNINITIALIZED
                  20008310    00000400     CC3220SF_LAUNCHXL.obj (.bss:displayBuf)
                  20008710    0000030c     (.common:ti_sysbios_family_arm_m3_Hwi_dispatchTable)
                  20008a1c    00000004     adcsinglechannel.obj (.bss)
                  20008a20    00000200     release_pem4.oem4 (.bss:taskStackSection)
                  20008c20    0000012c     (.common:PowerCC32XX_contextSave)
                  20008d4c    00000108     (.common:uartCC3220SObjects)
                  20008e54    00000040     (.common:uartCC3220SRingBuffer)
                  20008e94    00000028     (.common:adcValue1MicroVolt)
                  20008ebc    00000014     (.common:adcValue1)
                  20008ed0    0000000c     (.common:displayUartObject)
                  20008edc    00000004     (.common:ClockP_tickPeriod)
                  20008ee0    00000004     (.common:adcCC3220SObjects)
                  20008ee4    00000004     (.common:adcValue0MicroVolt)
                  20008ee8    00000004     (.common:ti_sysbios_knl_Task_Instance_State_0_hookEnv__A)
                  20008eec    00000002     (.common:adcValue0)

.data      0    20008ef0    000006c8     UNINITIALIZED
                  20008ef0    0000016c     drivers_cc32xx.aem4 : PowerCC32XX.oem4 (.data:PowerCC32XX_module)
                  2000905c    000000f8     CC3220SF_LAUNCHXL.obj (.data:parkInfo)
                  20009154    00000088     sysbios.aem4 : BIOS.obj (.data:$O1$$)
                  200091dc    00000080     release_pem4.oem4 (.data:ti_sysbios_knl_Swi_Module_State_0_readyQ__A)
                  2000925c    00000080     release_pem4.oem4 (.data:ti_sysbios_knl_Task_Module_State_0_readyQ__A)
                  200092dc    0000005c     release_pem4.oem4 (.data:ti_sysbios_knl_Task_Object__table__V)
                  20009338    00000054     release_pem4.oem4 (.data:ti_sysbios_gates_GateMutex_Object__table__V)
                  2000938c    00000048     release_pem4.oem4 (.data:ti_sysbios_knl_Task_Module__state__V)
                  200093d4    00000034     release_pem4.oem4 (.data:ti_sysbios_family_arm_m3_Hwi_Module__state__V)
                  20009408    00000030     release_pem4.oem4 (.data:ti_sysbios_family_arm_m3_Timer_Object__table__V)
                  20009438    00000030     release_pem4.oem4 (.data:ti_sysbios_knl_Swi_Object__table__V)
                  20009468    0000002c     release_pem4.oem4 (.data:ti_sysbios_knl_Clock_Module__state__V)
                  20009494    00000024     release_pem4.oem4 (.data:ti_sysbios_BIOS_Module__state__V)
                  200094b8    00000020     release_pem4.oem4 (.data:xdc_runtime_Error_IgnoreBlock)
                  200094d8    0000001c     release_pem4.oem4 (.data:ti_sysbios_knl_Swi_Module__state__V)
                  200094f4    00000018     release_pem4.oem4 (.data:ti_sysbios_family_arm_m3_Hwi_Object__table__V)
                  2000950c    00000018     release_pem4.oem4 (.data:ti_sysbios_heaps_HeapMem_Object__table__V)
                  20009524    0000000c     release_pem4.oem4 (.data:ti_sysbios_family_arm_m3_Timer_Module__state__V)
                  20009530    00000008     rtsv7M4_T_le_eabi.lib : _lock.c.obj (.data:$O1$$)
                  20009538    00000008     drivers_cc32xx.aem4 : ADCCC32XX.oem4 (.data:state)
                  20009540    00000008     release_pem4.oem4 (.data:ti_sysbios_family_arm_m3_Hwi_Module__root__V)
                  20009548    00000008     release_pem4.oem4 (.data:ti_sysbios_gates_GateHwi_Module__root__V)
                  20009550    00000008     release_pem4.oem4 (.data:ti_sysbios_gates_GateMutex_Module__root__V)
                  20009558    00000008     release_pem4.oem4 (.data:ti_sysbios_heaps_HeapMem_Module__root__V)
                  20009560    00000008     release_pem4.oem4 (.data:ti_sysbios_knl_Clock_Module__root__V)
                  20009568    00000008     release_pem4.oem4 (.data:ti_sysbios_knl_Queue_Module__root__V)
                  20009570    00000008     release_pem4.oem4 (.data:ti_sysbios_knl_Semaphore_Module__root__V)
                  20009578    00000008     release_pem4.oem4 (.data:ti_sysbios_knl_Task_Module__root__V)
                  20009580    00000008     release_pem4.oem4 (.data:xdc_runtime_Startup_Module__state__V)
                  20009588    00000008     release_pem4.oem4 (.data:xdc_runtime_System_Module_State_0_atexitHandlers__A)
                  20009590    00000008     release_pem4.oem4 (.data:xdc_runtime_System_Module__state__V)
                  20009598    00000004     rtsv7M4_T_le_eabi.lib : stkdepth_vars.c.obj (.data)
                  2000959c    00000004     release_pem4.oem4 (.data:ti_sysbios_family_arm_m3_Hwi_Module_State_0_excContext__A)
                  200095a0    00000004     release_pem4.oem4 (.data:ti_sysbios_family_arm_m3_Hwi_Module_State_0_excStack__A)
                  200095a4    00000004     release_pem4.oem4 (.data:ti_sysbios_gates_GateHwi_Object__table__V)
                  200095a8    00000004     release_pem4.oem4 (.data:ti_sysbios_knl_Task_Module_State_0_idleTask__A)
                  200095ac    00000004     release_pem4.oem4 (.data:ti_sysbios_rts_ti_ReentSupport_Module__state__V)
                  200095b0    00000004     release_pem4.oem4 (.data:xdc_runtime_Memory_Module__state__V)
                  200095b4    00000002     release_pem4.oem4 (.data:ti_sysbios_family_arm_m3_Hwi_Module_State_0_excActive__A)
                  200095b6    00000001     drivers_cc32xx.aem4 : ADC.oem4 (.data)
                  200095b7    00000001                         : UART.oem4 (.data)

.priheap   0    20000310    00008000     UNINITIALIZED
                  20000310    00008000     --HOLE--

.stack     0    2003fc00    00000400     UNINITIALIZED
                  2003fc00    00000400     --HOLE--

.bootVecs 
*          0    00000000    00000008     DSECT
                  00000000    00000008     boot.aem4 : boot.oem4 (.bootVecs)

.resetVecs 
*          0    01000800    0000003c     
                  01000800    0000003c     release_pem4.oem4 (.resetVecs)

.vecs      0    20000000    0000030c     NOLOAD SECTION
                  20000000    0000030c     release_pem4.oem4 (.vecs)

xdc.meta   0    00000000    000000f8     COPY SECTION
                  00000000    000000f8     release_pem4.oem4 (xdc.meta)

xdc.noload 
*          0    00000000    00000000     COPY SECTION

.binit     0    01000000    00000000     

MODULE SUMMARY

       Module                       code    ro data   rw data
       ------                       ----    -------   -------
    .\
       CC3220SF_LAUNCHXL.obj        12      237       1616   
       adcsinglechannel.obj         892     0         70     
       main_tirtos.obj              104     0         0      
    +--+----------------------------+-------+---------+---------+
       Total:                       1008    237       1686   
                                                             
    C:\TICC3220SF\tirtos_builds_CC3220SF_LAUNCHXL_release_ccs\Debug\configPkg\package\cfg\
       release_pem4.oem4            1840    1176      3042   
    +--+----------------------------+-------+---------+---------+
       Total:                       1840    1176      3042   
                                                             
    C:/ti/simplelink_cc32xx_sdk_2_30_00_05/kernel/tirtos/packages/ti/dpl/lib/dpl_cc32xx.aem4
       PowerCC32XX_tirtos.oem4      444     0         0      
       SemaphoreP_tirtos.oem4       146     0         0      
       ClockP_tirtos.oem4           118     0         4      
       HwiP_tirtos.oem4             96      0         0      
       SystemP_tirtos.oem4          4       0         0      
    +--+----------------------------+-------+---------+---------+
       Total:                       808     0         4      
                                                             
    C:/ti/simplelink_cc32xx_sdk_2_30_00_05/source/ti/devices/cc32xx/driverlib/ccs/Release/driverlib.a
       prcm.obj                     1604    168       0      
       pin.obj                      144     256       0      
       flash.obj                    72      0         0      
       uart.obj                     48      0         0      
       utils.obj                    6       0         0      
    +--+----------------------------+-------+---------+---------+
       Total:                       1874    424       0      
                                                             
    C:/ti/simplelink_cc32xx_sdk_2_30_00_05/source/ti/display/lib/display.aem4
       DisplayUart.oem4             184     32        0      
       Display.oem4                 174     1         0      
    +--+----------------------------+-------+---------+---------+
       Total:                       358     33        0      
                                                             
    C:/ti/simplelink_cc32xx_sdk_2_30_00_05/source/ti/drivers/lib/drivers_cc32xx.aem4
       UARTCC32XX.oem4              3434    116       0      
       PowerCC32XX.oem4             2312    0         664    
       ADCCC32XX.oem4               418     24        8      
       UART.oem4                    182     36        1      
       RingBuf.oem4                 198     0         0      
       ADC.oem4                     168     8         1      
       PowerCC32XX_asm.oem4         150     0         0      
       List.oem4                    76      0         0      
    +--+----------------------------+-------+---------+---------+
       Total:                       6938    184       674    
                                                             
    C:\TICC3220SF\tirtos_builds_CC3220SF_LAUNCHXL_release_ccs\src\sysbios\sysbios.aem4
       BIOS.obj                     9365    0         136    
       m3_Hwi_asm.obj               266     0         0      
       m3_Hwi_asm_switch.obj        102     0         0      
       m3_TaskSupport_asm.obj       36      0         0      
    +--+----------------------------+-------+---------+---------+
       Total:                       9769    0         136    
                                                             
    C:\ti\ccsv8\tools\compiler\ti-cgt-arm_18.9.0.STS\lib\rtsv7M4_T_le_eabi.lib
       fd_add_t2.asm.obj            438     0         0      
       fd_cmp_t2.asm.obj            268     0         0      
       fd_mul_t2.asm.obj            252     0         0      
       memcpy_t2.asm.obj            156     0         0      
       ull_div_t2.asm.obj           150     0         0      
       memset_t2.asm.obj            122     0         0      
       copy_decompress_lzss.c.obj   104     0         0      
       cpy_tbl.c.obj                76      0         0      
       fd_toi_t2.asm.obj            72      0         0      
       fd_tou_t2.asm.obj            68      0         0      
       u_divt2.asm.obj              64      0         0      
       fs_tod_t2.asm.obj            56      0         0      
       i_tofd_t2.asm.obj            46      0         0      
       _lock.c.obj                  26      0         8      
       u_tofd_t2.asm.obj            32      0         0      
       args_main.c.obj              24      0         0      
       ll_mul_t2.asm.obj            24      0         0      
       strlen.c.obj                 20      0         0      
       copy_decompress_none.c.obj   14      0         0      
       copy_zero_init.c.obj         12      0         0      
       stkdepth_vars.c.obj          0       0         4      
       div0.asm.obj                 2       0         0      
    +--+----------------------------+-------+---------+---------+
       Total:                       2026    0         12     
                                                             
    C:\ti\simplelink_cc32xx_sdk_2_30_00_05\kernel\tirtos\packages\ti\targets\arm\rtsarm\lib\auto_init.aem4
       auto_init.oem4               160     0         0      
    +--+----------------------------+-------+---------+---------+
       Total:                       160     0         0      
                                                             
    C:\ti\simplelink_cc32xx_sdk_2_30_00_05\kernel\tirtos\packages\ti\targets\arm\rtsarm\lib\boot.aem4
       boot.oem4                    68      0         0      
    +--+----------------------------+-------+---------+---------+
       Total:                       68      0         0      
                                                             
       Stack:                       0       0         1024   
       Linker Generated:            0       584       0      
    +--+----------------------------+-------+---------+---------+
       Grand Total:                 24849   2638      6578   


LINKER GENERATED COPY TABLES

__TI_cinit_table @ 01007448 records: 2, size/record: 8, table size: 16
	.data: load addr=01007210, load size=00000224 bytes, run addr=20008ef0, run size=000006c8 bytes, compression=lzss
	.bss: load addr=01007440, load size=00000008 bytes, run addr=20008310, run size=00000bde bytes, compression=zero_init


LINKER GENERATED HANDLER TABLE

__TI_handler_table @ 01007434 records: 3, size/record: 4, table size: 12
	index: 0, handler: __TI_decompress_lzss
	index: 1, handler: __TI_decompress_none
	index: 2, handler: __TI_zero_init


GLOBAL SYMBOLS: SORTED ALPHABETICALLY BY Name 

address   name                                                            
-------   ----                                                            
01003c91  ADCCC32XX_close                                                 
0100295b  ADCCC32XX_control                                               
01004269  ADCCC32XX_convert                                               
01006075  ADCCC32XX_convertToMicroVolts                                   
01006fc8  ADCCC32XX_fxnTable                                              
01006961  ADCCC32XX_init                                                  
010033f1  ADCCC32XX_open                                                  
010068fd  ADC_Params_init                                                 
01006907  ADC_close                                                       
01006fe0  ADC_config                                                      
01006911  ADC_convert                                                     
0100691b  ADC_convertToMicroVolts                                         
010070b8  ADC_count                                                       
010070e0  ADC_defaultParams                                               
01005055  ADC_init                                                        
010054d1  ADC_open                                                        
010067cf  CC3220SF_LAUNCHXL_initGeneral                                   
010070b9  Capture_count                                                   
01006925  ClockP_Params_init                                              
010049a1  ClockP_create                                                   
010067db  ClockP_delete                                                   
01001dfd  ClockP_getCpuFreq                                               
01006881  ClockP_getSystemTicks                                           
01002035  ClockP_setTimeout                                               
01002efd  ClockP_start                                                    
01003485  ClockP_stop                                                     
20008edc  ClockP_tickPeriod                                               
010070ba  CryptoCC32XX_count                                              
010014eb  DisplayUartMin_clear                                            
01002537  DisplayUartMin_clearLines                                       
010064d1  DisplayUartMin_close                                            
01003e7b  DisplayUartMin_control                                          
01006e68  DisplayUartMin_fxnTable                                         
01003f6b  DisplayUartMin_getType                                          
01002ad7  DisplayUartMin_init                                             
01004c65  DisplayUartMin_open                                             
01004fc9  DisplayUartMin_vprintf                                          
010070c8  Display_config                                                  
010070bb  Display_count                                                   
010070c5  Display_defaultParams                                           
01005d4d  Display_doInit                                                  
01004519  Display_doOpen                                                  
01005cf5  Display_doPrintf                                                
01004cb1  FlashDisable                                                    
00008000  HEAPSIZE                                                        
0100665d  HwiP_Params_init                                                
0100530d  HwiP_create                                                     
010067e7  HwiP_delete                                                     
010035ad  HwiP_disable                                                    
010069a1  HwiP_restore                                                    
010070bc  I2C_count                                                       
010070bd  I2S_count                                                       
01005e41  List_put                                                        
01005e67  List_remove                                                     
01000c91  PRCMCC3200MCUInit                                               
010064e7  PRCMHIBRegRead                                                  
010064fd  PRCMHIBRegWrite                                                 
01004cf9  PRCMLPDSEnter                                                   
01005775  PRCMLPDSEnterKeepDebugIf                                        
01005099  PRCMLPDSRestoreInfoSet                                          
01005d75  PRCMPeripheralClkDisable                                        
01004d41  PRCMPeripheralClkEnable                                         
010046f5  PRCMPeripheralReset                                             
010043f9  PRCMSysResetCauseGet                                            
010070be  PWM_count                                                       
010058c5  PinModeGet                                                      
0100534d  PinModeSet                                                      
01006259  PinToPadGet                                                     
01006cd0  PowerCC32XX_config                                              
01002dad  PowerCC32XX_configureWakeup                                     
20008c20  PowerCC32XX_contextSave                                         
010050dd  PowerCC32XX_enterLPDS                                           
01005c19  PowerCC32XX_getParkState                                        
01005d9d  PowerCC32XX_initPolicy                                          
20008ef0  PowerCC32XX_module                                              
010048fd  PowerCC32XX_parkPin                                             
010058f9  PowerCC32XX_restoreParkState                                    
01005859  PowerCC32XX_restoreParkedPin                                    
0100494f  PowerCC32XX_resumeLPDS                                          
010042cd  PowerCC32XX_setParkState                                        
010017e1  PowerCC32XX_sleepPolicy                                         
010067f5  Power_getConstraintMask                                         
01006529  Power_getDependencyCount                                        
01006369  Power_idleFunc                                                  
01003979  Power_init                                                      
01005dc5  Power_registerNotify                                            
01004d89  Power_releaseConstraint                                         
0100474d  Power_releaseDependency                                         
0100550d  Power_setConstraint                                             
01003b8d  Power_setDependency                                             
01001f1d  Power_sleep                                                     
01006095  Power_unregisterNotify                                          
010065f9  RingBuf_construct                                               
0100538d  RingBuf_get                                                     
01006781  RingBuf_isFull                                                  
010060b5  RingBuf_peek                                                    
0100500f  RingBuf_put                                                     
010070bf  SDFatFS_count                                                   
010070c0  SD_count                                                        
UNDEFED   SHT$$INIT_ARRAY$$Base                                           
UNDEFED   SHT$$INIT_ARRAY$$Limit                                          
010070c1  SPI_count                                                       
01006969  SemaphoreP_Params_init                                          
01005549  SemaphoreP_create                                               
01005c45  SemaphoreP_createBinary                                         
01006801  SemaphoreP_delete                                               
0100660b  SemaphoreP_pend                                                 
010036cd  SemaphoreP_post                                                 
010038ed  SystemP_vsnprintf                                               
010070c2  Timer_count                                                     
01006381  UARTBusy                                                        
01001cdd  UARTCC32XX_close                                                
01002445  UARTCC32XX_control                                              
[...]
01006781  RingBuf_isFull                                                  
0100678f  __TI_decompress_none                                            
010067a1  pthread_attr_setdetachstate                                     
010067b1  ti_sysbios_knl_Idle_loop__E                                     
010067c1  ti_sysbios_knl_Queue_empty__E                                   
010067cf  CC3220SF_LAUNCHXL_initGeneral                                   
010067db  ClockP_delete                                                   
010067e7  HwiP_delete                                                     
010067f5  Power_getConstraintMask                                         
01006801  SemaphoreP_delete                                               
0100680d  _register_lock                                                  
01006819  _register_unlock                                                
01006825  __TI_zero_init                                                  
0100683d  ti_sysbios_family_arm_m3_Hwi_Params__init__S                    
0100683d  ti_sysbios_hal_Hwi_HwiProxy_Params__init__S                     
01006849  ti_sysbios_family_arm_m3_Hwi_disableFxn__E                      
01006849  ti_sysbios_hal_Hwi_HwiProxy_disable__E                          
01006859  ti_sysbios_family_arm_m3_TaskSupport_getStackAlignment__E       
01006859  ti_sysbios_knl_Task_SupportProxy_getStackAlignment__E           
01006869  ti_sysbios_gates_GateHwi_enter__E                               
01006875  ti_sysbios_knl_Clock_Params__init__S                            
01006881  ClockP_getSystemTicks                                           
01006881  ti_sysbios_knl_Clock_getTicks__E                                
01006891  ti_sysbios_knl_Clock_setTicks__E                                
010068a1  ti_sysbios_knl_Clock_tickStart__E                               
010068b1  ti_sysbios_knl_Clock_tickStop__E                                
010068bd  ti_sysbios_knl_Queue_Object__get__S                             
010068c9  ti_sysbios_knl_Semaphore_Params__init__S                        
010068d5  ti_sysbios_knl_Task_Params__init__S                             
010068e1  ti_sysbios_rts_ti_ReentSupport_taskRegHook__I                   
010068f1  xdc_runtime_Startup_rtsDone__E                                  
010068fd  ADC_Params_init                                                 
01006907  ADC_close                                                       
01006911  ADC_convert                                                     
0100691b  ADC_convertToMicroVolts                                         
01006925  ClockP_Params_init                                              
0100692f  UART_close                                                      
01006939  UART_control                                                    
01006943  UART_write                                                      
0100694d  xdc_runtime_Memory_HeapProxy_alloc__E                           
01006957  xdc_runtime_Memory_HeapProxy_free__E                            
01006961  ADCCC32XX_init                                                  
01006969  SemaphoreP_Params_init                                          
01006971  pthread_attr_setstacksize                                       
01006981  ti_sysbios_family_arm_m3_Hwi_doSwiRestore__I                    
01006989  ti_sysbios_family_arm_m3_Hwi_startup__E                         
01006989  ti_sysbios_hal_Hwi_HwiProxy_startup__E                          
01006989  ti_sysbios_hal_Hwi_startup__E                                   
01006999  ti_sysbios_family_arm_m3_Hwi_doTaskRestore__I                   
010069a1  HwiP_restore                                                    
010069a1  ti_sysbios_family_arm_m3_Hwi_restoreFxn__E                      
010069a1  ti_sysbios_hal_Hwi_HwiProxy_restore__E                          
010069a9  ti_sysbios_gates_GateHwi_leave__E                               
010069b1  ti_sysbios_heaps_HeapMem_isBlocking__E                          
010069b9  ti_sysbios_knl_Clock_stop__E                                    
010069c1  ti_sysbios_knl_Queue_Instance_init__E                           
010069c9  ti_sysbios_knl_Swi_startup__E                                   
010069d1  xdc_runtime_System_Module_startup__E                            
010069d9  ti_sysbios_family_arm_m3_Timer_getMaxTicks__E                   
010069e1  ti_sysbios_gates_GateHwi_query__E                               
010069e1  xdc_runtime_Main_Module_GateProxy_query__E                      
010069e1  xdc_runtime_System_Module_GateProxy_query__E                    
010069e9  ti_sysbios_BIOS_RtsGateProxy_query__E                           
010069e9  ti_sysbios_gates_GateMutex_query__E                             
010069e9  ti_sysbios_heaps_HeapMem_Module_GateProxy_query__E              
010069f1  ti_sysbios_knl_Clock_setTimeout__E                              
010069f9  ti_sysbios_knl_Task_startup__E                                  
01006a01  xdc_runtime_SysCallback_defaultReady                            
01006a09  ti_sysbios_BIOS_linkedWithIncorrectBootLibrary__E               
01006a11  ti_sysbios_gates_GateHwi_Instance_init__E                       
01006a19  ti_sysbios_knl_Clock_logTick__E                                 
01006a21  xdc_runtime_SysCallback_defaultAbort                            
01006a29  xdc_runtime_SysCallback_defaultExit                             
01006a31  xdc_runtime_SysCallback_defaultPutch                            
01006a39  xdc_runtime_System_abortSpin__E                                 
01006a41  xdc_runtime_System_exitSpin__E                                  
01006c44  uartCC3220SHWAttrs                                              
01006c8c  ti_sysbios_knl_Task_Object__PARAMS__C                           
01006cd0  PowerCC32XX_config                                              
01006d10  ti_sysbios_family_arm_m3_Hwi_Object__PARAMS__C                  
01006d40  UARTCC32XX_fxnTable                                             
01006d68  ti_sysbios_heaps_HeapMem_Module__FXNS__C                        
01006d90  UART_defaultParams                                              
01006db4  ti_sysbios_gates_GateHwi_Module__FXNS__C                        
01006dd8  ti_sysbios_gates_GateMutex_Module__FXNS__C                      
01006dfc  ti_sysbios_heaps_HeapMem_Object__PARAMS__C                      
01006e20  ti_sysbios_knl_Clock_Object__PARAMS__C                          
01006e44  ti_sysbios_knl_Semaphore_Object__PARAMS__C                      
01006e68  DisplayUartMin_fxnTable                                         
01006ea8  ti_sysbios_family_arm_m3_Hwi_Object__DESC__C                    
01006ec8  ti_sysbios_gates_GateHwi_Object__DESC__C                        
01006ee8  ti_sysbios_gates_GateMutex_Object__DESC__C                      
01006f08  ti_sysbios_heaps_HeapMem_Object__DESC__C                        
01006f28  ti_sysbios_knl_Clock_Object__DESC__C                            
01006f48  ti_sysbios_knl_Queue_Object__DESC__C                            
01006f68  ti_sysbios_knl_Semaphore_Object__DESC__C                        
01006f88  ti_sysbios_knl_Task_Object__DESC__C                             
01006fa8  xdc_runtime_Startup_sfxnTab__A                                  
01006fc8  ADCCC32XX_fxnTable                                              
01006fe0  ADC_config                                                      
01006ff8  UART_config                                                     
01007010  ti_sysbios_gates_GateHwi_Object__PARAMS__C                      
01007028  ti_sysbios_gates_GateMutex_Object__PARAMS__C                    
01007040  ti_sysbios_knl_Queue_Object__PARAMS__C                          
01007058  ti_sysbios_knl_Task_hooks__A                                    
01007070  displayUartHWAttrs                                              
010070a8  xdc_runtime_Startup_sfxnRts__A                                  
010070b8  ADC_count                                                       
010070b9  Capture_count                                                   
010070ba  CryptoCC32XX_count                                              
010070bb  Display_count                                                   
010070bc  I2C_count                                                       
010070bd  I2S_count                                                       
010070be  PWM_count                                                       
010070bf  SDFatFS_count                                                   
010070c0  SD_count                                                        
010070c1  SPI_count                                                       
010070c2  Timer_count                                                     
010070c3  UART_count                                                      
010070c4  Watchdog_count                                                  
010070c5  Display_defaultParams                                           
010070c6  ti_sysbios_family_arm_m3_Hwi_Module__id__C                      
010070c8  Display_config                                                  
010070d4  xdc_runtime_Startup_firstFxns__A                                
010070e0  ADC_defaultParams                                               
010070e8  adcCC3220SHWAttrs                                               
010070f8  ti_sysbios_knl_Idle_funcList__A                                 
01007100  ti_sysbios_knl_Idle_funcList__C                                 
01007108  ti_sysbios_knl_Task_hooks__C                                    
01007110  xdc_runtime_Startup_firstFxns__C                                
01007118  xdc_runtime_Startup_lastFxns__C                                 
01007120  ti_sysbios_family_arm_m3_Hwi_E_alreadyDefined__C                
01007124  ti_sysbios_family_arm_m3_Hwi_NUM_INTERRUPTS__C                  
01007128  ti_sysbios_family_arm_m3_Hwi_Object__count__C                   
0100712c  ti_sysbios_family_arm_m3_Hwi_ccr__C                             
01007130  ti_sysbios_family_arm_m3_Hwi_excHandlerFunc__C                  
01007134  ti_sysbios_family_arm_m3_Hwi_nullIsrFunc__C                     
01007138  ti_sysbios_family_arm_m3_Hwi_priGroup__C                        
0100713c  ti_sysbios_family_arm_m3_Hwi_swiDisable__C                      
01007140  ti_sysbios_family_arm_m3_Hwi_swiRestoreHwi__C                   
01007144  ti_sysbios_family_arm_m3_TaskSupport_stackAlignment__C          
01007148  ti_sysbios_family_arm_m3_Timer_E_cannotSupport__C               
0100714c  ti_sysbios_family_arm_m3_Timer_startupNeeded__C                 
01007150  ti_sysbios_gates_GateMutex_Instance_State_sem__O                
01007154  ti_sysbios_heaps_HeapMem_E_memory__C                            
01007158  ti_sysbios_heaps_HeapMem_Module__gateObj__C                     
0100715c  ti_sysbios_heaps_HeapMem_Object__count__C                       
01007160  ti_sysbios_heaps_HeapMem_primaryHeapBaseAddr__C                 
01007164  ti_sysbios_heaps_HeapMem_primaryHeapEndAddr__C                  
01007168  ti_sysbios_heaps_HeapMem_reqAlign__C                            
0100716c  ti_sysbios_knl_Clock_Module_State_clockQ__O                     
01007170  ti_sysbios_knl_Clock_tickPeriod__C                              
01007174  ti_sysbios_knl_Mailbox_Instance_State_freeQue__O                
01007178  ti_sysbios_knl_Mailbox_Object__count__C                         
0100717c  ti_sysbios_knl_Mailbox_maxTypeAlign__C                          
01007180  ti_sysbios_knl_Semaphore_Instance_State_pendQ__O                
01007184  ti_sysbios_knl_Swi_Object__count__C                             
01007188  ti_sysbios_knl_Task_Module_State_inactiveQ__O                   
0100718c  ti_sysbios_knl_Task_Object__count__C                            
01007190  ti_sysbios_knl_Task_Object__heap__C                             
01007194  ti_sysbios_knl_Task_allBlockedFunc__C                           
01007198  ti_sysbios_knl_Task_defaultStackHeap__C                         
0100719c  ti_sysbios_knl_Task_defaultStackSize__C                         
010071a0  ti_sysbios_knl_Task_numConstructedTasks__C                      
010071a4  xdc_runtime_Error_E_memory__C                                   
010071a8  xdc_runtime_Error_policyFxn__C                                  
010071ac  xdc_runtime_IGateProvider_Interface__BASE__C                    
010071b0  xdc_runtime_IHeap_Interface__BASE__C                            
010071b4  xdc_runtime_IModule_Interface__BASE__C                          
010071b8  xdc_runtime_Memory_defaultHeapInstance__C                       
010071bc  xdc_runtime_Startup_execImpl__C                                 
010071c0  xdc_runtime_Startup_maxPasses__C                                
010071c4  xdc_runtime_Startup_sfxnRts__C                                  
010071c8  xdc_runtime_Startup_sfxnTab__C                                  
010071cc  xdc_runtime_SysCallback_abortFxn__C                             
010071d0  xdc_runtime_SysCallback_exitFxn__C                              
010071d4  xdc_runtime_SysCallback_putchFxn__C                             
010071d8  xdc_runtime_SysCallback_readyFxn__C                             
010071dc  xdc_runtime_System_Module__gateObj__C                           
010071e0  xdc_runtime_System_abortFxn__C                                  
010071e4  xdc_runtime_System_exitFxn__C                                   
010071e8  xdc_runtime_System_extendFxn__C                                 
010071ec  xdc_runtime_System_maxAtexitHandlers__C                         
010071f0  xdc_runtime_Text_charTab__C                                     
010071f4  xdc_runtime_Text_nameEmpty__C                                   
010071f8  xdc_runtime_Text_nameStatic__C                                  
010071fc  xdc_runtime_Text_nameUnknown__C                                 
01007200  ti_sysbios_family_arm_m3_Timer_Module__id__C                    
01007202  ti_sysbios_heaps_HeapMem_Module__id__C                          
01007204  xdc_runtime_Memory_Module__id__C                                
01007206  xdc_runtime_Text_charCnt__C                                     
01007208  xdc_runtime_Text_isLoaded__C                                    
0100720a  ti_sysbios_knl_Clock_tickMode__C                                
0100720b  ti_sysbios_knl_Clock_tickSource__C                              
0100720c  xdc_runtime_Error_policy__C                                     
0100720d  xdc_runtime_Text_charTab__A                                     
01007210  __TI_static_base__                                              
01007434  __TI_Handler_Table_Base                                         
01007440  __TI_Handler_Table_Limit                                        
01007448  __TI_CINIT_Base                                                 
01007458  __TI_CINIT_Limit                                                
20000000  ti_sysbios_family_arm_m3_Hwi_ramVectors                         
20000310  __primary_heap_start__                                          
20008310  __primary_heap_end__                                            
20008710  ti_sysbios_family_arm_m3_Hwi_dispatchTable                      
20008a20  ti_sysbios_knl_Task_Instance_State_0_stack__A                   
20008c20  PowerCC32XX_contextSave                                         
20008d4c  uartCC3220SObjects                                              
20008e54  uartCC3220SRingBuffer                                           
20008e94  adcValue1MicroVolt                                              
20008ebc  adcValue1                                                       
20008ed0  displayUartObject                                               
20008edc  ClockP_tickPeriod                                               
20008ee0  adcCC3220SObjects                                               
20008ee4  adcValue0MicroVolt                                              
20008ee8  ti_sysbios_knl_Task_Instance_State_0_hookEnv__A                 
20008eec  adcValue0                                                       
20008ef0  PowerCC32XX_module                                              
2000905c  parkInfo                                                        
200091dc  ti_sysbios_knl_Swi_Module_State_0_readyQ__A                     
2000925c  ti_sysbios_knl_Task_Module_State_0_readyQ__A                    
200092dc  ti_sysbios_knl_Task_Object__table__V                            
20009338  ti_sysbios_gates_GateMutex_Object__table__V                     
2000938c  ti_sysbios_knl_Task_Module__state__V                            
200093d4  ti_sysbios_family_arm_m3_Hwi_Module__state__V                   
20009408  ti_sysbios_family_arm_m3_Timer_Object__table__V                 
20009438  ti_sysbios_knl_Swi_Object__table__V                             
20009468  ti_sysbios_knl_Clock_Module__state__V                           
20009494  ti_sysbios_BIOS_Module__state__V                                
200094b8  xdc_runtime_Error_IgnoreBlock                                   
200094d8  ti_sysbios_knl_Swi_Module__state__V                             
200094f4  ti_sysbios_family_arm_m3_Hwi_Object__table__V                   
2000950c  ti_sysbios_heaps_HeapMem_Object__table__V                       
20009524  ti_sysbios_family_arm_m3_Timer_Module__state__V                 
20009530  _lock                                                           
20009534  _unlock                                                         
20009540  ti_sysbios_family_arm_m3_Hwi_Module__root__V                    
20009548  ti_sysbios_gates_GateHwi_Module__root__V                        
20009550  ti_sysbios_gates_GateMutex_Module__root__V                      
20009558  ti_sysbios_heaps_HeapMem_Module__root__V                        
20009560  ti_sysbios_knl_Clock_Module__root__V                            
20009568  ti_sysbios_knl_Queue_Module__root__V                            
20009570  ti_sysbios_knl_Semaphore_Module__root__V                        
20009578  ti_sysbios_knl_Task_Module__root__V                             
20009580  xdc_runtime_Startup_Module__state__V                            
20009588  xdc_runtime_System_Module_State_0_atexitHandlers__A             
20009590  xdc_runtime_System_Module__state__V                             
20009598  main_func_sp                                                    
2000959c  ti_sysbios_family_arm_m3_Hwi_Module_State_0_excContext__A       
200095a0  ti_sysbios_family_arm_m3_Hwi_Module_State_0_excStack__A         
200095a4  ti_sysbios_gates_GateHwi_Object__table__V                       
200095a8  ti_sysbios_knl_Task_Module_State_0_idleTask__A                  
200095ac  ti_sysbios_rts_ti_ReentSupport_Module__state__V                 
200095b0  xdc_runtime_Memory_Module__state__V                             
200095b4  ti_sysbios_family_arm_m3_Hwi_Module_State_0_excActive__A        
2003fc00  __stack                                                         
20040000  __STACK_END                                                     
e000e000  ti_sysbios_family_arm_m3_Hwi_nvic                               
ffffffff  __TI_pprof_out_hndl                                             
ffffffff  __TI_prof_data_size                                             
ffffffff  __TI_prof_data_start                                            
ffffffff  __binit__                                                       
ffffffff  __c_args__                                                      
ffffffff  binit                                                           
UNDEFED   SHT$$INIT_ARRAY$$Base                                           
UNDEFED   SHT$$INIT_ARRAY$$Limit                                          

[596 symbols]
